../Core/Src/MCP2515.c:17:6:MCP2515_Initialize	16	static
../Core/Src/MCP2515.c:35:6:MCP2515_SetConfigMode	16	static
../Core/Src/MCP2515.c:53:6:MCP2515_SetNormalMode	16	static
../Core/Src/MCP2515.c:71:6:MCP2515_SetSleepMode	16	static
../Core/Src/MCP2515.c:89:6:MCP2515_Reset	8	static
../Core/Src/MCP2515.c:99:9:MCP2515_ReadByte	24	static
../Core/Src/MCP2515.c:115:6:MCP2515_ReadRxSequence	16	static
../Core/Src/MCP2515.c:126:6:MCP2515_WriteByte	16	static
../Core/Src/MCP2515.c:138:6:MCP2515_WriteByteSequence	16	static
../Core/Src/MCP2515.c:150:6:MCP2515_LoadTxSequence	24	static
../Core/Src/MCP2515.c:163:6:MCP2515_RequestToSend	16	static
../Core/Src/MCP2515.c:173:9:MCP2515_ReadStatus	16	static
../Core/Src/MCP2515.c:188:9:MCP2515_GetRxStatus	16	static
../Core/Src/MCP2515.c:203:6:MCP2515_BitModify	16	static
../Core/Src/MCP2515.c:216:13:SPI_Tx	16	static
../Core/Src/MCP2515.c:222:13:SPI_TxBuffer	16	static
../Core/Src/MCP2515.c:228:16:SPI_Rx	16	static
../Core/Src/MCP2515.c:236:13:SPI_RxBuffer	16	static
