Archive member included to satisfy reference by file (symbol)

c:/st/stm32cubeide_1.12.1/stm32cubeide/plugins/com.st.stm32cube.ide.mcu.externaltools.gnu-tools-for-stm32.10.3-2021.10.win32_1.0.200.202301161003/tools/bin/../lib/gcc/arm-none-eabi/10.3.1/../../../../arm-none-eabi/lib/thumb/v7-m/nofp\libc_nano.a(lib_a-errno.o)
                              ./Core/Src/syscalls.o (__errno)
c:/st/stm32cubeide_1.12.1/stm32cubeide/plugins/com.st.stm32cube.ide.mcu.externaltools.gnu-tools-for-stm32.10.3-2021.10.win32_1.0.200.202301161003/tools/bin/../lib/gcc/arm-none-eabi/10.3.1/../../../../arm-none-eabi/lib/thumb/v7-m/nofp\libc_nano.a(lib_a-exit.o)
                              c:/st/stm32cubeide_1.12.1/stm32cubeide/plugins/com.st.stm32cube.ide.mcu.externaltools.gnu-tools-for-stm32.10.3-2021.10.win32_1.0.200.202301161003/tools/bin/../lib/gcc/arm-none-eabi/10.3.1/../../../../arm-none-eabi/lib/thumb/v7-m/nofp/crt0.o (exit)
c:/st/stm32cubeide_1.12.1/stm32cubeide/plugins/com.st.stm32cube.ide.mcu.externaltools.gnu-tools-for-stm32.10.3-2021.10.win32_1.0.200.202301161003/tools/bin/../lib/gcc/arm-none-eabi/10.3.1/../../../../arm-none-eabi/lib/thumb/v7-m/nofp\libc_nano.a(lib_a-impure.o)
                              c:/st/stm32cubeide_1.12.1/stm32cubeide/plugins/com.st.stm32cube.ide.mcu.externaltools.gnu-tools-for-stm32.10.3-2021.10.win32_1.0.200.202301161003/tools/bin/../lib/gcc/arm-none-eabi/10.3.1/../../../../arm-none-eabi/lib/thumb/v7-m/nofp\libc_nano.a(lib_a-exit.o) (_global_impure_ptr)
c:/st/stm32cubeide_1.12.1/stm32cubeide/plugins/com.st.stm32cube.ide.mcu.externaltools.gnu-tools-for-stm32.10.3-2021.10.win32_1.0.200.202301161003/tools/bin/../lib/gcc/arm-none-eabi/10.3.1/../../../../arm-none-eabi/lib/thumb/v7-m/nofp\libc_nano.a(lib_a-init.o)
                              c:/st/stm32cubeide_1.12.1/stm32cubeide/plugins/com.st.stm32cube.ide.mcu.externaltools.gnu-tools-for-stm32.10.3-2021.10.win32_1.0.200.202301161003/tools/bin/../lib/gcc/arm-none-eabi/10.3.1/../../../../arm-none-eabi/lib/thumb/v7-m/nofp/crt0.o (__libc_init_array)
c:/st/stm32cubeide_1.12.1/stm32cubeide/plugins/com.st.stm32cube.ide.mcu.externaltools.gnu-tools-for-stm32.10.3-2021.10.win32_1.0.200.202301161003/tools/bin/../lib/gcc/arm-none-eabi/10.3.1/../../../../arm-none-eabi/lib/thumb/v7-m/nofp\libc_nano.a(lib_a-memset.o)
                              c:/st/stm32cubeide_1.12.1/stm32cubeide/plugins/com.st.stm32cube.ide.mcu.externaltools.gnu-tools-for-stm32.10.3-2021.10.win32_1.0.200.202301161003/tools/bin/../lib/gcc/arm-none-eabi/10.3.1/../../../../arm-none-eabi/lib/thumb/v7-m/nofp/crt0.o (memset)

Discarded input sections

 .text          0x0000000000000000        0x0 c:/st/stm32cubeide_1.12.1/stm32cubeide/plugins/com.st.stm32cube.ide.mcu.externaltools.gnu-tools-for-stm32.10.3-2021.10.win32_1.0.200.202301161003/tools/bin/../lib/gcc/arm-none-eabi/10.3.1/thumb/v7-m/nofp/crti.o
 .data          0x0000000000000000        0x0 c:/st/stm32cubeide_1.12.1/stm32cubeide/plugins/com.st.stm32cube.ide.mcu.externaltools.gnu-tools-for-stm32.10.3-2021.10.win32_1.0.200.202301161003/tools/bin/../lib/gcc/arm-none-eabi/10.3.1/thumb/v7-m/nofp/crti.o
 .bss           0x0000000000000000        0x0 c:/st/stm32cubeide_1.12.1/stm32cubeide/plugins/com.st.stm32cube.ide.mcu.externaltools.gnu-tools-for-stm32.10.3-2021.10.win32_1.0.200.202301161003/tools/bin/../lib/gcc/arm-none-eabi/10.3.1/thumb/v7-m/nofp/crti.o
 .data          0x0000000000000000        0x4 c:/st/stm32cubeide_1.12.1/stm32cubeide/plugins/com.st.stm32cube.ide.mcu.externaltools.gnu-tools-for-stm32.10.3-2021.10.win32_1.0.200.202301161003/tools/bin/../lib/gcc/arm-none-eabi/10.3.1/thumb/v7-m/nofp/crtbegin.o
 .rodata        0x0000000000000000       0x24 c:/st/stm32cubeide_1.12.1/stm32cubeide/plugins/com.st.stm32cube.ide.mcu.externaltools.gnu-tools-for-stm32.10.3-2021.10.win32_1.0.200.202301161003/tools/bin/../lib/gcc/arm-none-eabi/10.3.1/thumb/v7-m/nofp/crtbegin.o
 .text          0x0000000000000000       0x7c c:/st/stm32cubeide_1.12.1/stm32cubeide/plugins/com.st.stm32cube.ide.mcu.externaltools.gnu-tools-for-stm32.10.3-2021.10.win32_1.0.200.202301161003/tools/bin/../lib/gcc/arm-none-eabi/10.3.1/../../../../arm-none-eabi/lib/thumb/v7-m/nofp/crt0.o
 .data          0x0000000000000000        0x0 c:/st/stm32cubeide_1.12.1/stm32cubeide/plugins/com.st.stm32cube.ide.mcu.externaltools.gnu-tools-for-stm32.10.3-2021.10.win32_1.0.200.202301161003/tools/bin/../lib/gcc/arm-none-eabi/10.3.1/../../../../arm-none-eabi/lib/thumb/v7-m/nofp/crt0.o
 .bss           0x0000000000000000        0x0 c:/st/stm32cubeide_1.12.1/stm32cubeide/plugins/com.st.stm32cube.ide.mcu.externaltools.gnu-tools-for-stm32.10.3-2021.10.win32_1.0.200.202301161003/tools/bin/../lib/gcc/arm-none-eabi/10.3.1/../../../../arm-none-eabi/lib/thumb/v7-m/nofp/crt0.o
[...]
Memory Configuration

Name             Origin             Length             Attributes
RAM              0x0000000020000000 0x0000000000005000 xrw
FLASH            0x0000000008000000 0x0000000000010000 xr
*default*        0x0000000000000000 0xffffffffffffffff

Linker script and memory map

LOAD c:/st/stm32cubeide_1.12.1/stm32cubeide/plugins/com.st.stm32cube.ide.mcu.externaltools.gnu-tools-for-stm32.10.3-2021.10.win32_1.0.200.202301161003/tools/bin/../lib/gcc/arm-none-eabi/10.3.1/thumb/v7-m/nofp/crti.o
LOAD c:/st/stm32cubeide_1.12.1/stm32cubeide/plugins/com.st.stm32cube.ide.mcu.externaltools.gnu-tools-for-stm32.10.3-2021.10.win32_1.0.200.202301161003/tools/bin/../lib/gcc/arm-none-eabi/10.3.1/thumb/v7-m/nofp/crtbegin.o
LOAD c:/st/stm32cubeide_1.12.1/stm32cubeide/plugins/com.st.stm32cube.ide.mcu.externaltools.gnu-tools-for-stm32.10.3-2021.10.win32_1.0.200.202301161003/tools/bin/../lib/gcc/arm-none-eabi/10.3.1/../../../../arm-none-eabi/lib/thumb/v7-m/nofp/crt0.o
LOAD ./Core/Src/CAN_SPI.o
LOAD ./Core/Src/MCP2515.o
LOAD ./Core/Src/main.o
LOAD ./Core/Src/stm32f1xx_hal_msp.o
LOAD ./Core/Src/stm32f1xx_it.o
LOAD ./Core/Src/syscalls.o
LOAD ./Core/Src/sysmem.o
LOAD ./Core/Src/system_stm32f1xx.o
LOAD ./Core/Startup/startup_stm32f103c8tx.o
LOAD ./Drivers/STM32F1xx_HAL_Driver/Src/stm32f1xx_hal.o
LOAD ./Drivers/STM32F1xx_HAL_Driver/Src/stm32f1xx_hal_cortex.o
LOAD ./Drivers/STM32F1xx_HAL_Driver/Src/stm32f1xx_hal_dma.o
LOAD ./Drivers/STM32F1xx_HAL_Driver/Src/stm32f1xx_hal_exti.o
LOAD ./Drivers/STM32F1xx_HAL_Driver/Src/stm32f1xx_hal_flash.o
LOAD ./Drivers/STM32F1xx_HAL_Driver/Src/stm32f1xx_hal_flash_ex.o
LOAD ./Drivers/STM32F1xx_HAL_Driver/Src/stm32f1xx_hal_gpio.o
LOAD ./Drivers/STM32F1xx_HAL_Driver/Src/stm32f1xx_hal_gpio_ex.o
LOAD ./Drivers/STM32F1xx_HAL_Driver/Src/stm32f1xx_hal_pcd.o
LOAD ./Drivers/STM32F1xx_HAL_Driver/Src/stm32f1xx_hal_pcd_ex.o
LOAD ./Drivers/STM32F1xx_HAL_Driver/Src/stm32f1xx_hal_pwr.o
LOAD ./Drivers/STM32F1xx_HAL_Driver/Src/stm32f1xx_hal_rcc.o
LOAD ./Drivers/STM32F1xx_HAL_Driver/Src/stm32f1xx_hal_rcc_ex.o
LOAD ./Drivers/STM32F1xx_HAL_Driver/Src/stm32f1xx_hal_spi.o
LOAD ./Drivers/STM32F1xx_HAL_Driver/Src/stm32f1xx_hal_tim.o
LOAD ./Drivers/STM32F1xx_HAL_Driver/Src/stm32f1xx_hal_tim_ex.o
LOAD ./Drivers/STM32F1xx_HAL_Driver/Src/stm32f1xx_ll_usb.o
LOAD ./Middlewares/ST/STM32_USB_Device_Library/Class/CDC/Src/usbd_cdc.o
LOAD ./Middlewares/ST/STM32_USB_Device_Library/Core/Src/usbd_core.o
LOAD ./Middlewares/ST/STM32_USB_Device_Library/Core/Src/usbd_ctlreq.o
LOAD ./Middlewares/ST/STM32_USB_Device_Library/Core/Src/usbd_ioreq.o
LOAD ./USB_DEVICE/App/usb_device.o
LOAD ./USB_DEVICE/App/usbd_cdc_if.o
LOAD ./USB_DEVICE/App/usbd_desc.o
LOAD ./USB_DEVICE/Target/usbd_conf.o
START GROUP
LOAD c:/st/stm32cubeide_1.12.1/stm32cubeide/plugins/com.st.stm32cube.ide.mcu.externaltools.gnu-tools-for-stm32.10.3-2021.10.win32_1.0.200.202301161003/tools/bin/../lib/gcc/arm-none-eabi/10.3.1/../../../../arm-none-eabi/lib/thumb/v7-m/nofp\libc_nano.a
LOAD c:/st/stm32cubeide_1.12.1/stm32cubeide/plugins/com.st.stm32cube.ide.mcu.externaltools.gnu-tools-for-stm32.10.3-2021.10.win32_1.0.200.202301161003/tools/bin/../lib/gcc/arm-none-eabi/10.3.1/../../../../arm-none-eabi/lib/thumb/v7-m/nofp\libm.a
END GROUP
START GROUP
LOAD c:/st/stm32cubeide_1.12.1/stm32cubeide/plugins/com.st.stm32cube.ide.mcu.externaltools.gnu-tools-for-stm32.10.3-2021.10.win32_1.0.200.202301161003/tools/bin/../lib/gcc/arm-none-eabi/10.3.1/thumb/v7-m/nofp\libgcc.a
LOAD c:/st/stm32cubeide_1.12.1/stm32cubeide/plugins/com.st.stm32cube.ide.mcu.externaltools.gnu-tools-for-stm32.10.3-2021.10.win32_1.0.200.202301161003/tools/bin/../lib/gcc/arm-none-eabi/10.3.1/../../../../arm-none-eabi/lib/thumb/v7-m/nofp\libc_nano.a
END GROUP
START GROUP
LOAD c:/st/stm32cubeide_1.12.1/stm32cubeide/plugins/com.st.stm32cube.ide.mcu.externaltools.gnu-tools-for-stm32.10.3-2021.10.win32_1.0.200.202301161003/tools/bin/../lib/gcc/arm-none-eabi/10.3.1/thumb/v7-m/nofp\libgcc.a
LOAD c:/st/stm32cubeide_1.12.1/stm32cubeide/plugins/com.st.stm32cube.ide.mcu.externaltools.gnu-tools-for-stm32.10.3-2021.10.win32_1.0.200.202301161003/tools/bin/../lib/gcc/arm-none-eabi/10.3.1/../../../../arm-none-eabi/lib/thumb/v7-m/nofp\libc_nano.a
LOAD c:/st/stm32cubeide_1.12.1/stm32cubeide/plugins/com.st.stm32cube.ide.mcu.externaltools.gnu-tools-for-stm32.10.3-2021.10.win32_1.0.200.202301161003/tools/bin/../lib/gcc/arm-none-eabi/10.3.1/../../../../arm-none-eabi/lib/thumb/v7-m/nofp\libnosys.a
END GROUP
START GROUP
LOAD c:/st/stm32cubeide_1.12.1/stm32cubeide/plugins/com.st.stm32cube.ide.mcu.externaltools.gnu-tools-for-stm32.10.3-2021.10.win32_1.0.200.202301161003/tools/bin/../lib/gcc/arm-none-eabi/10.3.1/thumb/v7-m/nofp\libgcc.a
LOAD c:/st/stm32cubeide_1.12.1/stm32cubeide/plugins/com.st.stm32cube.ide.mcu.externaltools.gnu-tools-for-stm32.10.3-2021.10.win32_1.0.200.202301161003/tools/bin/../lib/gcc/arm-none-eabi/10.3.1/../../../../arm-none-eabi/lib/thumb/v7-m/nofp\libc_nano.a
LOAD c:/st/stm32cubeide_1.12.1/stm32cubeide/plugins/com.st.stm32cube.ide.mcu.externaltools.gnu-tools-for-stm32.10.3-2021.10.win32_1.0.200.202301161003/tools/bin/../lib/gcc/arm-none-eabi/10.3.1/../../../../arm-none-eabi/lib/thumb/v7-m/nofp\libnosys.a
END GROUP
LOAD c:/st/stm32cubeide_1.12.1/stm32cubeide/plugins/com.st.stm32cube.ide.mcu.externaltools.gnu-tools-for-stm32.10.3-2021.10.win32_1.0.200.202301161003/tools/bin/../lib/gcc/arm-none-eabi/10.3.1/thumb/v7-m/nofp/crtend.o
LOAD c:/st/stm32cubeide_1.12.1/stm32cubeide/plugins/com.st.stm32cube.ide.mcu.externaltools.gnu-tools-for-stm32.10.3-2021.10.win32_1.0.200.202301161003/tools/bin/../lib/gcc/arm-none-eabi/10.3.1/thumb/v7-m/nofp/crtn.o
                0x0000000020005000                _estack = (ORIGIN (RAM) + LENGTH (RAM))
                0x0000000000000200                _Min_Heap_Size = 0x200
                0x0000000000000400                _Min_Stack_Size = 0x400

.isr_vector     0x0000000008000000      0x10c
                0x0000000008000000                . = ALIGN (0x4)
 *(.isr_vector)
 .isr_vector    0x0000000008000000      0x10c ./Core/Startup/startup_stm32f103c8tx.o
                0x0000000008000000                g_pfnVectors
                0x000000000800010c                . = ALIGN (0x4)

.text           0x000000000800010c     0x868c
                0x000000000800010c                . = ALIGN (0x4)
 *(.text)
 .text          0x000000000800010c       0x40 c:/st/stm32cubeide_1.12.1/stm32cubeide/plugins/com.st.stm32cube.ide.mcu.externaltools.gnu-tools-for-stm32.10.3-2021.10.win32_1.0.200.202301161003/tools/bin/../lib/gcc/arm-none-eabi/10.3.1/thumb/v7-m/nofp/crtbegin.o
 *(.text*)
 .text.CANSPI_Initialize
                0x000000000800014c      0x166 ./Core/Src/CAN_SPI.o
                0x000000000800014c                CANSPI_Initialize
 .text.CANSPI_Receive
                0x00000000080002b2       0xf8 ./Core/Src/CAN_SPI.o
                0x00000000080002b2                CANSPI_Receive
 .text.convertReg2ExtendedCANid
                0x00000000080003aa       0x7c ./Core/Src/CAN_SPI.o
 .text.convertReg2StandardCANid
                0x0000000008000426       0x38 ./Core/Src/CAN_SPI.o
 *fill*         0x000000000800045e        0x2 
 .text.MCP2515_Initialize
                0x0000000008000460       0x44 ./Core/Src/MCP2515.o
                0x0000000008000460                MCP2515_Initialize
 .text.MCP2515_SetConfigMode
                0x00000000080004a4       0x3c ./Core/Src/MCP2515.o
                0x00000000080004a4                MCP2515_SetConfigMode
 .text.MCP2515_SetNormalMode
                0x00000000080004e0       0x3c ./Core/Src/MCP2515.o
                0x00000000080004e0                MCP2515_SetNormalMode
 .text.MCP2515_ReadByte
                0x000000000800051c       0x44 ./Core/Src/MCP2515.o
                0x000000000800051c                MCP2515_ReadByte
 .text.MCP2515_ReadRxSequence
                0x0000000008000560       0x44 ./Core/Src/MCP2515.o
                0x0000000008000560                MCP2515_ReadRxSequence
 .text.MCP2515_WriteByte
                0x00000000080005a4       0x48 ./Core/Src/MCP2515.o
                0x00000000080005a4                MCP2515_WriteByte
 .text.MCP2515_WriteByteSequence
                0x00000000080005ec       0x54 ./Core/Src/MCP2515.o
                0x00000000080005ec                MCP2515_WriteByteSequence
 .text.MCP2515_GetRxStatus
                0x0000000008000640       0x38 ./Core/Src/MCP2515.o
                0x0000000008000640                MCP2515_GetRxStatus
 .text.SPI_Tx   0x0000000008000678       0x24 ./Core/Src/MCP2515.o
 .text.SPI_TxBuffer
                0x000000000800069c       0x28 ./Core/Src/MCP2515.o
 .text.SPI_Rx   0x00000000080006c4       0x20 ./Core/Src/MCP2515.o
 .text.SPI_RxBuffer
                0x00000000080006e4       0x28 ./Core/Src/MCP2515.o
 .text.main     0x000000000800070c       0x7c ./Core/Src/main.o
                0x000000000800070c                main
 .text.SystemClock_Config
                0x0000000008000788       0xb4 ./Core/Src/main.o
                0x0000000008000788                SystemClock_Config
 .text.MX_SPI1_Init
                0x000000000800083c       0x6c ./Core/Src/main.o
 .text.MX_GPIO_Init
                0x00000000080008a8       0x94 ./Core/Src/main.o
 .text.Error_Handler
                0x000000000800093c        0xa ./Core/Src/main.o
                0x000000000800093c                Error_Handler
 *fill*         0x0000000008000946        0x2 
 .text.HAL_MspInit
                0x0000000008000948       0x64 ./Core/Src/stm32f1xx_hal_msp.o
                0x0000000008000948                HAL_MspInit
 .text.HAL_SPI_MspInit
                0x00000000080009ac       0x94 ./Core/Src/stm32f1xx_hal_msp.o
                0x00000000080009ac                HAL_SPI_MspInit
 .text.NMI_Handler
                0x0000000008000a40        0x6 ./Core/Src/stm32f1xx_it.o
                0x0000000008000a40                NMI_Handler
 .text.HardFault_Handler
                0x0000000008000a46        0x6 ./Core/Src/stm32f1xx_it.o
                0x0000000008000a46                HardFault_Handler
 .text.MemManage_Handler
                0x0000000008000a4c        0x6 ./Core/Src/stm32f1xx_it.o
                0x0000000008000a4c                MemManage_Handler
 .text.BusFault_Handler
                0x0000000008000a52        0x6 ./Core/Src/stm32f1xx_it.o
                0x0000000008000a52                BusFault_Handler
 .text.UsageFault_Handler
                0x0000000008000a58        0x6 ./Core/Src/stm32f1xx_it.o
                0x0000000008000a58                UsageFault_Handler
 .text.SVC_Handler
                0x0000000008000a5e        0xc ./Core/Src/stm32f1xx_it.o
                0x0000000008000a5e                SVC_Handler
 .text.DebugMon_Handler
                0x0000000008000a6a        0xc ./Core/Src/stm32f1xx_it.o
                0x0000000008000a6a                DebugMon_Handler
 .text.PendSV_Handler
                0x0000000008000a76        0xc ./Core/Src/stm32f1xx_it.o
                0x0000000008000a76                PendSV_Handler
 .text.SysTick_Handler
                0x0000000008000a82        0xc ./Core/Src/stm32f1xx_it.o
                0x0000000008000a82                SysTick_Handler
 *fill*         0x0000000008000a8e        0x2 
 .text.USB_LP_CAN1_RX0_IRQHandler
                0x0000000008000a90       0x14 ./Core/Src/stm32f1xx_it.o
                0x0000000008000a90                USB_LP_CAN1_RX0_IRQHandler
 .text.SystemInit
                0x0000000008000aa4        0xc ./Core/Src/system_stm32f1xx.o
                0x0000000008000aa4                SystemInit
 .text.Reset_Handler
                0x0000000008000ab0       0x48 ./Core/Startup/startup_stm32f103c8tx.o
                0x0000000008000ab0                Reset_Handler
 .text.Default_Handler
                0x0000000008000af8        0x2 ./Core/Startup/startup_stm32f103c8tx.o
                0x0000000008000af8                RTC_Alarm_IRQHandler
                0x0000000008000af8                EXTI2_IRQHandler
                0x0000000008000af8                TIM1_CC_IRQHandler
                0x0000000008000af8                PVD_IRQHandler
                0x0000000008000af8                EXTI3_IRQHandler
                0x0000000008000af8                EXTI0_IRQHandler
                0x0000000008000af8                I2C2_EV_IRQHandler
                0x0000000008000af8                ADC1_2_IRQHandler
                0x0000000008000af8                SPI1_IRQHandler
                0x0000000008000af8                TAMPER_IRQHandler
                0x0000000008000af8                DMA1_Channel4_IRQHandler
                0x0000000008000af8                USART3_IRQHandler
                0x0000000008000af8                RTC_IRQHandler
                0x0000000008000af8                DMA1_Channel7_IRQHandler
                0x0000000008000af8                CAN1_RX1_IRQHandler
                0x0000000008000af8                TIM4_IRQHandler
                0x0000000008000af8                I2C1_EV_IRQHandler
                0x0000000008000af8                DMA1_Channel6_IRQHandler
                0x0000000008000af8                TIM3_IRQHandler
                0x0000000008000af8                RCC_IRQHandler
                0x0000000008000af8                TIM1_TRG_COM_IRQHandler
                0x0000000008000af8                DMA1_Channel1_IRQHandler
                0x0000000008000af8                Default_Handler
                0x0000000008000af8                EXTI15_10_IRQHandler
                0x0000000008000af8                EXTI9_5_IRQHandler
                0x0000000008000af8                SPI2_IRQHandler
                0x0000000008000af8                DMA1_Channel5_IRQHandler
                0x0000000008000af8                EXTI4_IRQHandler
                0x0000000008000af8                USB_HP_CAN1_TX_IRQHandler
                0x0000000008000af8                DMA1_Channel3_IRQHandler
                0x0000000008000af8                TIM1_UP_IRQHandler
                0x0000000008000af8                WWDG_IRQHandler
                0x0000000008000af8                TIM2_IRQHandler
                0x0000000008000af8                TIM1_BRK_IRQHandler
                0x0000000008000af8                EXTI1_IRQHandler
                0x0000000008000af8                USART2_IRQHandler
                0x0000000008000af8                I2C2_ER_IRQHandler
                0x0000000008000af8                DMA1_Channel2_IRQHandler
                0x0000000008000af8                CAN1_SCE_IRQHandler
                0x0000000008000af8                FLASH_IRQHandler
                0x0000000008000af8                USART1_IRQHandler
                0x0000000008000af8                I2C1_ER_IRQHandler
                0x0000000008000af8                USBWakeUp_IRQHandler
 *fill*         0x0000000008000afa        0x2 
 .text.HAL_Init
                0x0000000008000afc       0x2c ./Drivers/STM32F1xx_HAL_Driver/Src/stm32f1xx_hal.o
                0x0000000008000afc                HAL_Init
 .text.HAL_InitTick
                0x0000000008000b28       0x60 ./Drivers/STM32F1xx_HAL_Driver/Src/stm32f1xx_hal.o
                0x0000000008000b28                HAL_InitTick
 .text.HAL_IncTick
                0x0000000008000b88       0x24 ./Drivers/STM32F1xx_HAL_Driver/Src/stm32f1xx_hal.o
                0x0000000008000b88                HAL_IncTick
 .text.HAL_GetTick
                0x0000000008000bac       0x14 ./Drivers/STM32F1xx_HAL_Driver/Src/stm32f1xx_hal.o
                0x0000000008000bac                HAL_GetTick
 .text.HAL_Delay
                0x0000000008000bc0       0x48 ./Drivers/STM32F1xx_HAL_Driver/Src/stm32f1xx_hal.o
                0x0000000008000bc0                HAL_Delay
 .text.__NVIC_SetPriorityGrouping
                0x0000000008000c08       0x48 ./Drivers/STM32F1xx_HAL_Driver/Src/stm32f1xx_hal_cortex.o
 .text.__NVIC_GetPriorityGrouping
                0x0000000008000c50       0x1c ./Drivers/STM32F1xx_HAL_Driver/Src/stm32f1xx_hal_cortex.o
 .text.__NVIC_EnableIRQ
                0x0000000008000c6c       0x38 ./Drivers/STM32F1xx_HAL_Driver/Src/stm32f1xx_hal_cortex.o
 .text.__NVIC_SetPriority
                0x0000000008000ca4       0x54 ./Drivers/STM32F1xx_HAL_Driver/Src/stm32f1xx_hal_cortex.o
 .text.NVIC_EncodePriority
                0x0000000008000cf8       0x64 ./Drivers/STM32F1xx_HAL_Driver/Src/stm32f1xx_hal_cortex.o
 .text.SysTick_Config
                0x0000000008000d5c       0x44 ./Drivers/STM32F1xx_HAL_Driver/Src/stm32f1xx_hal_cortex.o
 .text.HAL_NVIC_SetPriorityGrouping
                0x0000000008000da0       0x16 ./Drivers/STM32F1xx_HAL_Driver/Src/stm32f1xx_hal_cortex.o
                0x0000000008000da0                HAL_NVIC_SetPriorityGrouping
 .text.HAL_NVIC_SetPriority
                0x0000000008000db6       0x38 ./Drivers/STM32F1xx_HAL_Driver/Src/stm32f1xx_hal_cortex.o
                0x0000000008000db6                HAL_NVIC_SetPriority
 .text.HAL_NVIC_EnableIRQ
                0x0000000008000dee       0x1c ./Drivers/STM32F1xx_HAL_Driver/Src/stm32f1xx_hal_cortex.o
                0x0000000008000dee                HAL_NVIC_EnableIRQ
 .text.HAL_SYSTICK_Config
                0x0000000008000e0a       0x18 ./Drivers/STM32F1xx_HAL_Driver/Src/stm32f1xx_hal_cortex.o
                0x0000000008000e0a                HAL_SYSTICK_Config
 *fill*         0x0000000008000e22        0x2 
 .text.HAL_GPIO_Init
                0x0000000008000e24      0x308 ./Drivers/STM32F1xx_HAL_Driver/Src/stm32f1xx_hal_gpio.o
                0x0000000008000e24                HAL_GPIO_Init
 .text.HAL_GPIO_WritePin
                0x000000000800112c       0x30 ./Drivers/STM32F1xx_HAL_Driver/Src/stm32f1xx_hal_gpio.o
                0x000000000800112c                HAL_GPIO_WritePin
 .text.HAL_PCD_Init
                0x000000000800115c      0x1ec ./Drivers/STM32F1xx_HAL_Driver/Src/stm32f1xx_hal_pcd.o
                0x000000000800115c                HAL_PCD_Init
 .text.HAL_PCD_Start
                0x0000000008001348       0x4c ./Drivers/STM32F1xx_HAL_Driver/Src/stm32f1xx_hal_pcd.o
                0x0000000008001348                HAL_PCD_Start
 .text.HAL_PCD_IRQHandler
                0x0000000008001394      0x260 ./Drivers/STM32F1xx_HAL_Driver/Src/stm32f1xx_hal_pcd.o
                0x0000000008001394                HAL_PCD_IRQHandler
 .text.HAL_PCD_SetAddress
                0x00000000080015f4       0x48 ./Drivers/STM32F1xx_HAL_Driver/Src/stm32f1xx_hal_pcd.o
                0x00000000080015f4                HAL_PCD_SetAddress
 .text.HAL_PCD_EP_Open
                0x000000000800163c       0xba ./Drivers/STM32F1xx_HAL_Driver/Src/stm32f1xx_hal_pcd.o
                0x000000000800163c                HAL_PCD_EP_Open
 .text.HAL_PCD_EP_Close
                0x00000000080016f6       0x90 ./Drivers/STM32F1xx_HAL_Driver/Src/stm32f1xx_hal_pcd.o
                0x00000000080016f6                HAL_PCD_EP_Close
 .text.HAL_PCD_EP_Receive
                0x0000000008001786       0x62 ./Drivers/STM32F1xx_HAL_Driver/Src/stm32f1xx_hal_pcd.o
                0x0000000008001786                HAL_PCD_EP_Receive
 .text.HAL_PCD_EP_GetRxCount
                0x00000000080017e8       0x2e ./Drivers/STM32F1xx_HAL_Driver/Src/stm32f1xx_hal_pcd.o
                0x00000000080017e8                HAL_PCD_EP_GetRxCount
 .text.HAL_PCD_EP_Transmit
                0x0000000008001816       0x6e ./Drivers/STM32F1xx_HAL_Driver/Src/stm32f1xx_hal_pcd.o
                0x0000000008001816                HAL_PCD_EP_Transmit
 .text.HAL_PCD_EP_SetStall
                0x0000000008001884       0xc0 ./Drivers/STM32F1xx_HAL_Driver/Src/stm32f1xx_hal_pcd.o
                0x0000000008001884                HAL_PCD_EP_SetStall
 .text.HAL_PCD_EP_ClrStall
                0x0000000008001944       0xa8 ./Drivers/STM32F1xx_HAL_Driver/Src/stm32f1xx_hal_pcd.o
                0x0000000008001944                HAL_PCD_EP_ClrStall
 .text.PCD_EP_ISR_Handler
                0x00000000080019ec      0x7a0 ./Drivers/STM32F1xx_HAL_Driver/Src/stm32f1xx_hal_pcd.o
 .text.HAL_PCD_EP_DB_Receive
                0x000000000800218c      0x21a ./Drivers/STM32F1xx_HAL_Driver/Src/stm32f1xx_hal_pcd.o
 .text.HAL_PCD_EP_DB_Transmit
                0x00000000080023a6      0x7f4 ./Drivers/STM32F1xx_HAL_Driver/Src/stm32f1xx_hal_pcd.o
 .text.HAL_PCDEx_PMAConfig
                0x0000000008002b9a       0x84 ./Drivers/STM32F1xx_HAL_Driver/Src/stm32f1xx_hal_pcd_ex.o
                0x0000000008002b9a                HAL_PCDEx_PMAConfig
 *fill*         0x0000000008002c1e        0x2 
 .text.HAL_RCC_OscConfig
                0x0000000008002c20      0x504 ./Drivers/STM32F1xx_HAL_Driver/Src/stm32f1xx_hal_rcc.o
                0x0000000008002c20                HAL_RCC_OscConfig
 .text.HAL_RCC_ClockConfig
                0x0000000008003124      0x1d4 ./Drivers/STM32F1xx_HAL_Driver/Src/stm32f1xx_hal_rcc.o
                0x0000000008003124                HAL_RCC_ClockConfig
 .text.HAL_RCC_GetSysClockFreq
                0x00000000080032f8       0xa8 ./Drivers/STM32F1xx_HAL_Driver/Src/stm32f1xx_hal_rcc.o
                0x00000000080032f8                HAL_RCC_GetSysClockFreq
 .text.RCC_Delay
                0x00000000080033a0       0x3c ./Drivers/STM32F1xx_HAL_Driver/Src/stm32f1xx_hal_rcc.o
 .text.HAL_RCCEx_PeriphCLKConfig
                0x00000000080033dc      0x16c ./Drivers/STM32F1xx_HAL_Driver/Src/stm32f1xx_hal_rcc_ex.o
                0x00000000080033dc                HAL_RCCEx_PeriphCLKConfig
 .text.HAL_SPI_Init
                0x0000000008003548      0x108 ./Drivers/STM32F1xx_HAL_Driver/Src/stm32f1xx_hal_spi.o
                0x0000000008003548                HAL_SPI_Init
 .text.HAL_SPI_Transmit
                0x0000000008003650      0x288 ./Drivers/STM32F1xx_HAL_Driver/Src/stm32f1xx_hal_spi.o
                0x0000000008003650                HAL_SPI_Transmit
 .text.HAL_SPI_Receive
                0x00000000080038d8      0x232 ./Drivers/STM32F1xx_HAL_Driver/Src/stm32f1xx_hal_spi.o
                0x00000000080038d8                HAL_SPI_Receive
 .text.HAL_SPI_TransmitReceive
                0x0000000008003b0a      0x352 ./Drivers/STM32F1xx_HAL_Driver/Src/stm32f1xx_hal_spi.o
                0x0000000008003b0a                HAL_SPI_TransmitReceive
 .text.HAL_SPI_GetState
                0x0000000008003e5c       0x1a ./Drivers/STM32F1xx_HAL_Driver/Src/stm32f1xx_hal_spi.o
                0x0000000008003e5c                HAL_SPI_GetState
 *fill*         0x0000000008003e76        0x2 
 .text.SPI_WaitFlagStateUntilTimeout
                0x0000000008003e78      0x110 ./Drivers/STM32F1xx_HAL_Driver/Src/stm32f1xx_hal_spi.o
 .text.SPI_EndRxTransaction
                0x0000000008003f88       0xa4 ./Drivers/STM32F1xx_HAL_Driver/Src/stm32f1xx_hal_spi.o
 .text.SPI_EndRxTxTransaction
                0x000000000800402c       0x62 ./Drivers/STM32F1xx_HAL_Driver/Src/stm32f1xx_hal_spi.o
 .text.USB_CoreInit
                0x000000000800408e       0x1a ./Drivers/STM32F1xx_HAL_Driver/Src/stm32f1xx_ll_usb.o
                0x000000000800408e                USB_CoreInit
 .text.USB_EnableGlobalInt
                0x00000000080040a8       0x2c ./Drivers/STM32F1xx_HAL_Driver/Src/stm32f1xx_ll_usb.o
                0x00000000080040a8                USB_EnableGlobalInt
 .text.USB_DisableGlobalInt
                0x00000000080040d4       0x34 ./Drivers/STM32F1xx_HAL_Driver/Src/stm32f1xx_ll_usb.o
                0x00000000080040d4                USB_DisableGlobalInt
 .text.USB_SetCurrentMode
                0x0000000008004108       0x18 ./Drivers/STM32F1xx_HAL_Driver/Src/stm32f1xx_ll_usb.o
                0x0000000008004108                USB_SetCurrentMode
 .text.USB_DevInit
                0x0000000008004120       0x3a ./Drivers/STM32F1xx_HAL_Driver/Src/stm32f1xx_ll_usb.o
                0x0000000008004120                USB_DevInit
 *fill*         0x000000000800415a        0x2 
 .text.USB_ActivateEndpoint
                0x000000000800415c      0x780 ./Drivers/STM32F1xx_HAL_Driver/Src/stm32f1xx_ll_usb.o
                0x000000000800415c                USB_ActivateEndpoint
 .text.USB_DeactivateEndpoint
                0x00000000080048dc      0x3d8 ./Drivers/STM32F1xx_HAL_Driver/Src/stm32f1xx_ll_usb.o
                0x00000000080048dc                USB_DeactivateEndpoint
 .text.USB_EPStartXfer
                0x0000000008004cb4     0x1762 ./Drivers/STM32F1xx_HAL_Driver/Src/stm32f1xx_ll_usb.o
                0x0000000008004cb4                USB_EPStartXfer
 .text.USB_EPSetStall
                0x0000000008006416       0xa0 ./Drivers/STM32F1xx_HAL_Driver/Src/stm32f1xx_ll_usb.o
                0x0000000008006416                USB_EPSetStall
 .text.USB_EPClearStall
                0x00000000080064b6      0x15a ./Drivers/STM32F1xx_HAL_Driver/Src/stm32f1xx_ll_usb.o
                0x00000000080064b6                USB_EPClearStall
 .text.USB_SetDevAddress
                0x0000000008006610       0x26 ./Drivers/STM32F1xx_HAL_Driver/Src/stm32f1xx_ll_usb.o
                0x0000000008006610                USB_SetDevAddress
 .text.USB_DevConnect
                0x0000000008006636       0x14 ./Drivers/STM32F1xx_HAL_Driver/Src/stm32f1xx_ll_usb.o
                0x0000000008006636                USB_DevConnect
 .text.USB_DevDisconnect
                0x000000000800664a       0x14 ./Drivers/STM32F1xx_HAL_Driver/Src/stm32f1xx_ll_usb.o
                0x000000000800664a                USB_DevDisconnect
 .text.USB_ReadInterrupts
                0x000000000800665e       0x1e ./Drivers/STM32F1xx_HAL_Driver/Src/stm32f1xx_ll_usb.o
                0x000000000800665e                USB_ReadInterrupts
 .text.USB_EP0_OutStart
                0x000000000800667c       0x16 ./Drivers/STM32F1xx_HAL_Driver/Src/stm32f1xx_ll_usb.o
                0x000000000800667c                USB_EP0_OutStart
 .text.USB_WritePMA
                0x0000000008006692       0x8a ./Drivers/STM32F1xx_HAL_Driver/Src/stm32f1xx_ll_usb.o
                0x0000000008006692                USB_WritePMA
 .text.USB_ReadPMA
                0x000000000800671c       0x9e ./Drivers/STM32F1xx_HAL_Driver/Src/stm32f1xx_ll_usb.o
                0x000000000800671c                USB_ReadPMA
 .text.USBD_CDC_Init
                0x00000000080067ba       0xf4 ./Middlewares/ST/STM32_USB_Device_Library/Class/CDC/Src/usbd_cdc.o
 .text.USBD_CDC_DeInit
                0x00000000080068ae       0x6e ./Middlewares/ST/STM32_USB_Device_Library/Class/CDC/Src/usbd_cdc.o
 .text.USBD_CDC_Setup
                0x000000000800691c      0x146 ./Middlewares/ST/STM32_USB_Device_Library/Class/CDC/Src/usbd_cdc.o
 .text.USBD_CDC_DataIn
                0x0000000008006a62       0xa6 ./Middlewares/ST/STM32_USB_Device_Library/Class/CDC/Src/usbd_cdc.o
 .text.USBD_CDC_DataOut
                0x0000000008006b08       0x56 ./Middlewares/ST/STM32_USB_Device_Library/Class/CDC/Src/usbd_cdc.o
 .text.USBD_CDC_EP0_RxReady
                0x0000000008006b5e       0x50 ./Middlewares/ST/STM32_USB_Device_Library/Class/CDC/Src/usbd_cdc.o
 *fill*         0x0000000008006bae        0x2 
 .text.USBD_CDC_GetFSCfgDesc
                0x0000000008006bb0       0x20 ./Middlewares/ST/STM32_USB_Device_Library/Class/CDC/Src/usbd_cdc.o
 .text.USBD_CDC_GetHSCfgDesc
                0x0000000008006bd0       0x20 ./Middlewares/ST/STM32_USB_Device_Library/Class/CDC/Src/usbd_cdc.o
 .text.USBD_CDC_GetOtherSpeedCfgDesc
                0x0000000008006bf0       0x20 ./Middlewares/ST/STM32_USB_Device_Library/Class/CDC/Src/usbd_cdc.o
 .text.USBD_CDC_GetDeviceQualifierDescriptor
                0x0000000008006c10       0x20 ./Middlewares/ST/STM32_USB_Device_Library/Class/CDC/Src/usbd_cdc.o
                0x0000000008006c10                USBD_CDC_GetDeviceQualifierDescriptor
 .text.USBD_CDC_RegisterInterface
                0x0000000008006c30       0x2c ./Middlewares/ST/STM32_USB_Device_Library/Class/CDC/Src/usbd_cdc.o
                0x0000000008006c30                USBD_CDC_RegisterInterface
 .text.USBD_CDC_SetTxBuffer
                0x0000000008006c5c       0x32 ./Middlewares/ST/STM32_USB_Device_Library/Class/CDC/Src/usbd_cdc.o
                0x0000000008006c5c                USBD_CDC_SetTxBuffer
 .text.USBD_CDC_SetRxBuffer
                0x0000000008006c8e       0x26 ./Middlewares/ST/STM32_USB_Device_Library/Class/CDC/Src/usbd_cdc.o
                0x0000000008006c8e                USBD_CDC_SetRxBuffer
 .text.USBD_CDC_ReceivePacket
                0x0000000008006cb4       0x54 ./Middlewares/ST/STM32_USB_Device_Library/Class/CDC/Src/usbd_cdc.o
                0x0000000008006cb4                USBD_CDC_ReceivePacket
 .text.USBD_Init
                0x0000000008006d08       0x56 ./Middlewares/ST/STM32_USB_Device_Library/Core/Src/usbd_core.o
                0x0000000008006d08                USBD_Init
 .text.USBD_RegisterClass
                0x0000000008006d5e       0x32 ./Middlewares/ST/STM32_USB_Device_Library/Core/Src/usbd_core.o
                0x0000000008006d5e                USBD_RegisterClass
 .text.USBD_Start
                0x0000000008006d90       0x18 ./Middlewares/ST/STM32_USB_Device_Library/Core/Src/usbd_core.o
                0x0000000008006d90                USBD_Start
 .text.USBD_RunTestMode
                0x0000000008006da8       0x14 ./Middlewares/ST/STM32_USB_Device_Library/Core/Src/usbd_core.o
                0x0000000008006da8                USBD_RunTestMode
 .text.USBD_SetClassConfig
                0x0000000008006dbc       0x3e ./Middlewares/ST/STM32_USB_Device_Library/Core/Src/usbd_core.o
                0x0000000008006dbc                USBD_SetClassConfig
 .text.USBD_ClrClassConfig
                0x0000000008006dfa       0x26 ./Middlewares/ST/STM32_USB_Device_Library/Core/Src/usbd_core.o
                0x0000000008006dfa                USBD_ClrClassConfig
 .text.USBD_LL_SetupStage
                0x0000000008006e20       0x9a ./Middlewares/ST/STM32_USB_Device_Library/Core/Src/usbd_core.o
                0x0000000008006e20                USBD_LL_SetupStage
 .text.USBD_LL_DataOutStage
                0x0000000008006eba       0xe2 ./Middlewares/ST/STM32_USB_Device_Library/Core/Src/usbd_core.o
                0x0000000008006eba                USBD_LL_DataOutStage
 .text.USBD_LL_DataInStage
                0x0000000008006f9c      0x14a ./Middlewares/ST/STM32_USB_Device_Library/Core/Src/usbd_core.o
                0x0000000008006f9c                USBD_LL_DataInStage
 .text.USBD_LL_Reset
                0x00000000080070e6       0x82 ./Middlewares/ST/STM32_USB_Device_Library/Core/Src/usbd_core.o
                0x00000000080070e6                USBD_LL_Reset
 .text.USBD_LL_SetSpeed
                0x0000000008007168       0x1e ./Middlewares/ST/STM32_USB_Device_Library/Core/Src/usbd_core.o
                0x0000000008007168                USBD_LL_SetSpeed
 .text.USBD_LL_Suspend
                0x0000000008007186       0x28 ./Middlewares/ST/STM32_USB_Device_Library/Core/Src/usbd_core.o
                0x0000000008007186                USBD_LL_Suspend
 .text.USBD_LL_Resume
                0x00000000080071ae       0x2a ./Middlewares/ST/STM32_USB_Device_Library/Core/Src/usbd_core.o
                0x00000000080071ae                USBD_LL_Resume
 .text.USBD_LL_SOF
                0x00000000080071d8       0x34 ./Middlewares/ST/STM32_USB_Device_Library/Core/Src/usbd_core.o
                0x00000000080071d8                USBD_LL_SOF
 .text.USBD_StdDevReq
                0x000000000800720c       0xd4 ./Middlewares/ST/STM32_USB_Device_Library/Core/Src/usbd_ctlreq.o
                0x000000000800720c                USBD_StdDevReq
 .text.USBD_StdItfReq
                0x00000000080072e0       0x90 ./Middlewares/ST/STM32_USB_Device_Library/Core/Src/usbd_ctlreq.o
                0x00000000080072e0                USBD_StdItfReq
 .text.USBD_StdEPReq
                0x0000000008007370      0x2c6 ./Middlewares/ST/STM32_USB_Device_Library/Core/Src/usbd_ctlreq.o
                0x0000000008007370                USBD_StdEPReq
 *fill*         0x0000000008007636        0x2 
 .text.USBD_GetDescriptor
                0x0000000008007638      0x2d0 ./Middlewares/ST/STM32_USB_Device_Library/Core/Src/usbd_ctlreq.o
 .text.USBD_SetAddress
                0x0000000008007908       0x86 ./Middlewares/ST/STM32_USB_Device_Library/Core/Src/usbd_ctlreq.o
 *fill*         0x000000000800798e        0x2 
 .text.USBD_SetConfig
                0x0000000008007990      0x11c ./Middlewares/ST/STM32_USB_Device_Library/Core/Src/usbd_ctlreq.o
 .text.USBD_GetConfig
                0x0000000008007aac       0x6a ./Middlewares/ST/STM32_USB_Device_Library/Core/Src/usbd_ctlreq.o
 .text.USBD_GetStatus
                0x0000000008007b16       0x66 ./Middlewares/ST/STM32_USB_Device_Library/Core/Src/usbd_ctlreq.o
 .text.USBD_SetFeature
                0x0000000008007b7c       0x28 ./Middlewares/ST/STM32_USB_Device_Library/Core/Src/usbd_ctlreq.o
 .text.USBD_ClrFeature
                0x0000000008007ba4       0x42 ./Middlewares/ST/STM32_USB_Device_Library/Core/Src/usbd_ctlreq.o
 .text.USBD_ParseSetupRequest
                0x0000000008007be6       0x78 ./Middlewares/ST/STM32_USB_Device_Library/Core/Src/usbd_ctlreq.o
                0x0000000008007be6                USBD_ParseSetupRequest
 .text.USBD_CtlError
                0x0000000008007c5e       0x22 ./Middlewares/ST/STM32_USB_Device_Library/Core/Src/usbd_ctlreq.o
                0x0000000008007c5e                USBD_CtlError
 .text.USBD_GetString
                0x0000000008007c80       0x84 ./Middlewares/ST/STM32_USB_Device_Library/Core/Src/usbd_ctlreq.o
                0x0000000008007c80                USBD_GetString
 .text.USBD_GetLen
                0x0000000008007d04       0x2e ./Middlewares/ST/STM32_USB_Device_Library/Core/Src/usbd_ctlreq.o
 .text.USBD_CtlSendData
                0x0000000008007d32       0x38 ./Middlewares/ST/STM32_USB_Device_Library/Core/Src/usbd_ioreq.o
                0x0000000008007d32                USBD_CtlSendData
 .text.USBD_CtlContinueSendData
                0x0000000008007d6a       0x24 ./Middlewares/ST/STM32_USB_Device_Library/Core/Src/usbd_ioreq.o
                0x0000000008007d6a                USBD_CtlContinueSendData
 .text.USBD_CtlPrepareRx
                0x0000000008007d8e       0x3c ./Middlewares/ST/STM32_USB_Device_Library/Core/Src/usbd_ioreq.o
                0x0000000008007d8e                USBD_CtlPrepareRx
 .text.USBD_CtlContinueRx
                0x0000000008007dca       0x24 ./Middlewares/ST/STM32_USB_Device_Library/Core/Src/usbd_ioreq.o
                0x0000000008007dca                USBD_CtlContinueRx
 .text.USBD_CtlSendStatus
                0x0000000008007dee       0x26 ./Middlewares/ST/STM32_USB_Device_Library/Core/Src/usbd_ioreq.o
                0x0000000008007dee                USBD_CtlSendStatus
 .text.USBD_CtlReceiveStatus
                0x0000000008007e14       0x26 ./Middlewares/ST/STM32_USB_Device_Library/Core/Src/usbd_ioreq.o
                0x0000000008007e14                USBD_CtlReceiveStatus
 *fill*         0x0000000008007e3a        0x2 
 .text.MX_USB_DEVICE_Init
                0x0000000008007e3c       0x60 ./USB_DEVICE/App/usb_device.o
                0x0000000008007e3c                MX_USB_DEVICE_Init
 .text.CDC_Init_FS
                0x0000000008007e9c       0x28 ./USB_DEVICE/App/usbd_cdc_if.o
 .text.CDC_DeInit_FS
                0x0000000008007ec4        0xe ./USB_DEVICE/App/usbd_cdc_if.o
 *fill*         0x0000000008007ed2        0x2 
 .text.CDC_Control_FS
                0x0000000008007ed4       0xbc ./USB_DEVICE/App/usbd_cdc_if.o
 .text.CDC_Receive_FS
                0x0000000008007f90       0x28 ./USB_DEVICE/App/usbd_cdc_if.o
 .text.USBD_FS_DeviceDescriptor
                0x0000000008007fb8       0x24 ./USB_DEVICE/App/usbd_desc.o
                0x0000000008007fb8                USBD_FS_DeviceDescriptor
 .text.USBD_FS_LangIDStrDescriptor
                0x0000000008007fdc       0x24 ./USB_DEVICE/App/usbd_desc.o
                0x0000000008007fdc                USBD_FS_LangIDStrDescriptor
 .text.USBD_FS_ProductStrDescriptor
                0x0000000008008000       0x3c ./USB_DEVICE/App/usbd_desc.o
                0x0000000008008000                USBD_FS_ProductStrDescriptor
 .text.USBD_FS_ManufacturerStrDescriptor
                0x000000000800803c       0x28 ./USB_DEVICE/App/usbd_desc.o
                0x000000000800803c                USBD_FS_ManufacturerStrDescriptor
 .text.USBD_FS_SerialStrDescriptor
                0x0000000008008064       0x24 ./USB_DEVICE/App/usbd_desc.o
                0x0000000008008064                USBD_FS_SerialStrDescriptor
 .text.USBD_FS_ConfigStrDescriptor
                0x0000000008008088       0x3c ./USB_DEVICE/App/usbd_desc.o
                0x0000000008008088                USBD_FS_ConfigStrDescriptor
 .text.USBD_FS_InterfaceStrDescriptor
                0x00000000080080c4       0x3c ./USB_DEVICE/App/usbd_desc.o
                0x00000000080080c4                USBD_FS_InterfaceStrDescriptor
 .text.Get_SerialNum
                0x0000000008008100       0x58 ./USB_DEVICE/App/usbd_desc.o
 .text.IntToUnicode
                0x0000000008008158       0x7c ./USB_DEVICE/App/usbd_desc.o
 .text.HAL_PCD_MspInit
                0x00000000080081d4       0x4c ./USB_DEVICE/Target/usbd_conf.o
                0x00000000080081d4                HAL_PCD_MspInit
 .text.HAL_PCD_SetupStageCallback
                0x0000000008008220       0x24 ./USB_DEVICE/Target/usbd_conf.o
                0x0000000008008220                HAL_PCD_SetupStageCallback
 .text.HAL_PCD_DataOutStageCallback
                0x0000000008008244       0x36 ./USB_DEVICE/Target/usbd_conf.o
                0x0000000008008244                HAL_PCD_DataOutStageCallback
 .text.HAL_PCD_DataInStageCallback
                0x000000000800827a       0x34 ./USB_DEVICE/Target/usbd_conf.o
                0x000000000800827a                HAL_PCD_DataInStageCallback
 .text.HAL_PCD_SOFCallback
                0x00000000080082ae       0x1c ./USB_DEVICE/Target/usbd_conf.o
                0x00000000080082ae                HAL_PCD_SOFCallback
 .text.HAL_PCD_ResetCallback
                0x00000000080082ca       0x3c ./USB_DEVICE/Target/usbd_conf.o
                0x00000000080082ca                HAL_PCD_ResetCallback
 *fill*         0x0000000008008306        0x2 
 .text.HAL_PCD_SuspendCallback
                0x0000000008008308       0x34 ./USB_DEVICE/Target/usbd_conf.o
                0x0000000008008308                HAL_PCD_SuspendCallback
 .text.HAL_PCD_ResumeCallback
                0x000000000800833c       0x1c ./USB_DEVICE/Target/usbd_conf.o
                0x000000000800833c                HAL_PCD_ResumeCallback
 .text.USBD_LL_Init
                0x0000000008008358       0xb4 ./USB_DEVICE/Target/usbd_conf.o
                0x0000000008008358                USBD_LL_Init
 .text.USBD_LL_Start
                0x000000000800840c       0x36 ./USB_DEVICE/Target/usbd_conf.o
                0x000000000800840c                USBD_LL_Start
 .text.USBD_LL_OpenEP
                0x0000000008008442       0x4c ./USB_DEVICE/Target/usbd_conf.o
                0x0000000008008442                USBD_LL_OpenEP
 .text.USBD_LL_CloseEP
                0x000000000800848e       0x3e ./USB_DEVICE/Target/usbd_conf.o
                0x000000000800848e                USBD_LL_CloseEP
 .text.USBD_LL_StallEP
                0x00000000080084cc       0x3e ./USB_DEVICE/Target/usbd_conf.o
                0x00000000080084cc                USBD_LL_StallEP
 .text.USBD_LL_ClearStallEP
                0x000000000800850a       0x3e ./USB_DEVICE/Target/usbd_conf.o
                0x000000000800850a                USBD_LL_ClearStallEP
 .text.USBD_LL_IsStallEP
                0x0000000008008548       0x56 ./USB_DEVICE/Target/usbd_conf.o
                0x0000000008008548                USBD_LL_IsStallEP
 .text.USBD_LL_SetUSBAddress
                0x000000000800859e       0x3e ./USB_DEVICE/Target/usbd_conf.o
                0x000000000800859e                USBD_LL_SetUSBAddress
 .text.USBD_LL_Transmit
                0x00000000080085dc       0x46 ./USB_DEVICE/Target/usbd_conf.o
                0x00000000080085dc                USBD_LL_Transmit
 .text.USBD_LL_PrepareReceive
                0x0000000008008622       0x46 ./USB_DEVICE/Target/usbd_conf.o
                0x0000000008008622                USBD_LL_PrepareReceive
 .text.USBD_LL_GetRxDataSize
                0x0000000008008668       0x26 ./USB_DEVICE/Target/usbd_conf.o
                0x0000000008008668                USBD_LL_GetRxDataSize
 *fill*         0x000000000800868e        0x2 
 .text.USBD_static_malloc
                0x0000000008008690       0x18 ./USB_DEVICE/Target/usbd_conf.o
                0x0000000008008690                USBD_static_malloc
 .text.USBD_static_free
                0x00000000080086a8       0x12 ./USB_DEVICE/Target/usbd_conf.o
                0x00000000080086a8                USBD_static_free
 .text.HAL_PCDEx_SetConnectionState
                0x00000000080086ba       0x16 ./USB_DEVICE/Target/usbd_conf.o
                0x00000000080086ba                HAL_PCDEx_SetConnectionState
 .text.USBD_Get_USB_Status
                0x00000000080086d0       0x58 ./USB_DEVICE/Target/usbd_conf.o
 .text.__libc_init_array
                0x0000000008008728       0x48 c:/st/stm32cubeide_1.12.1/stm32cubeide/plugins/com.st.stm32cube.ide.mcu.externaltools.gnu-tools-for-stm32.10.3-2021.10.win32_1.0.200.202301161003/tools/bin/../lib/gcc/arm-none-eabi/10.3.1/../../../../arm-none-eabi/lib/thumb/v7-m/nofp\libc_nano.a(lib_a-init.o)
                0x0000000008008728                __libc_init_array
 .text.memset   0x0000000008008770       0x10 c:/st/stm32cubeide_1.12.1/stm32cubeide/plugins/com.st.stm32cube.ide.mcu.externaltools.gnu-tools-for-stm32.10.3-2021.10.win32_1.0.200.202301161003/tools/bin/../lib/gcc/arm-none-eabi/10.3.1/../../../../arm-none-eabi/lib/thumb/v7-m/nofp\libc_nano.a(lib_a-memset.o)
                0x0000000008008770                memset
 *(.glue_7)
 .glue_7        0x0000000008008780        0x0 linker stubs
 *(.glue_7t)
 .glue_7t       0x0000000008008780        0x0 linker stubs
 *(.eh_frame)
 .eh_frame      0x0000000008008780        0x0 c:/st/stm32cubeide_1.12.1/stm32cubeide/plugins/com.st.stm32cube.ide.mcu.externaltools.gnu-tools-for-stm32.10.3-2021.10.win32_1.0.200.202301161003/tools/bin/../lib/gcc/arm-none-eabi/10.3.1/thumb/v7-m/nofp/crtbegin.o
 *(.init)
 .init          0x0000000008008780        0x4 c:/st/stm32cubeide_1.12.1/stm32cubeide/plugins/com.st.stm32cube.ide.mcu.externaltools.gnu-tools-for-stm32.10.3-2021.10.win32_1.0.200.202301161003/tools/bin/../lib/gcc/arm-none-eabi/10.3.1/thumb/v7-m/nofp/crti.o
                0x0000000008008780                _init
 .init          0x0000000008008784        0x8 c:/st/stm32cubeide_1.12.1/stm32cubeide/plugins/com.st.stm32cube.ide.mcu.externaltools.gnu-tools-for-stm32.10.3-2021.10.win32_1.0.200.202301161003/tools/bin/../lib/gcc/arm-none-eabi/10.3.1/thumb/v7-m/nofp/crtn.o
 *(.fini)
 .fini          0x000000000800878c        0x4 c:/st/stm32cubeide_1.12.1/stm32cubeide/plugins/com.st.stm32cube.ide.mcu.externaltools.gnu-tools-for-stm32.10.3-2021.10.win32_1.0.200.202301161003/tools/bin/../lib/gcc/arm-none-eabi/10.3.1/thumb/v7-m/nofp/crti.o
                0x000000000800878c                _fini
 .fini          0x0000000008008790        0x8 c:/st/stm32cubeide_1.12.1/stm32cubeide/plugins/com.st.stm32cube.ide.mcu.externaltools.gnu-tools-for-stm32.10.3-2021.10.win32_1.0.200.202301161003/tools/bin/../lib/gcc/arm-none-eabi/10.3.1/thumb/v7-m/nofp/crtn.o
                0x0000000008008798                . = ALIGN (0x4)
                0x0000000008008798                _etext = .

.vfp11_veneer   0x0000000008008798        0x0
 .vfp11_veneer  0x0000000008008798        0x0 linker stubs

.v4_bx          0x0000000008008798        0x0
 .v4_bx         0x0000000008008798        0x0 linker stubs

.iplt           0x0000000008008798        0x0
 .iplt          0x0000000008008798        0x0 c:/st/stm32cubeide_1.12.1/stm32cubeide/plugins/com.st.stm32cube.ide.mcu.externaltools.gnu-tools-for-stm32.10.3-2021.10.win32_1.0.200.202301161003/tools/bin/../lib/gcc/arm-none-eabi/10.3.1/thumb/v7-m/nofp/crtbegin.o

.rodata         0x0000000008008798       0x6c
                0x0000000008008798                . = ALIGN (0x4)
 *(.rodata)
 .rodata        0x0000000008008798       0x46 ./USB_DEVICE/App/usbd_desc.o
 *(.rodata*)
 *fill*         0x00000000080087de        0x2 
 .rodata.AHBPrescTable
                0x00000000080087e0       0x10 ./Core/Src/system_stm32f1xx.o
                0x00000000080087e0                AHBPrescTable
 .rodata.aPLLMULFactorTable.1
                0x00000000080087f0       0x10 ./Drivers/STM32F1xx_HAL_Driver/Src/stm32f1xx_hal_rcc.o
 .rodata.aPredivFactorTable.0
                0x0000000008008800        0x2 ./Drivers/STM32F1xx_HAL_Driver/Src/stm32f1xx_hal_rcc.o
                0x0000000008008804                . = ALIGN (0x4)
 *fill*         0x0000000008008802        0x2 

.rel.dyn        0x0000000008008804        0x0
 .rel.iplt      0x0000000008008804        0x0 c:/st/stm32cubeide_1.12.1/stm32cubeide/plugins/com.st.stm32cube.ide.mcu.externaltools.gnu-tools-for-stm32.10.3-2021.10.win32_1.0.200.202301161003/tools/bin/../lib/gcc/arm-none-eabi/10.3.1/thumb/v7-m/nofp/crtbegin.o

.ARM.extab      0x0000000008008804        0x0
                0x0000000008008804                . = ALIGN (0x4)
 *(.ARM.extab* .gnu.linkonce.armextab.*)
                0x0000000008008804                . = ALIGN (0x4)

.ARM            0x0000000008008804        0x0
                0x0000000008008804                . = ALIGN (0x4)
                0x0000000008008804                __exidx_start = .
 *(.ARM.exidx*)
                0x0000000008008804                __exidx_end = .
                0x0000000008008804                . = ALIGN (0x4)

.preinit_array  0x0000000008008804        0x0
                0x0000000008008804                . = ALIGN (0x4)
                0x0000000008008804                PROVIDE (__preinit_array_start = .)
 *(.preinit_array*)
                0x0000000008008804                PROVIDE (__preinit_array_end = .)
                0x0000000008008804                . = ALIGN (0x4)

.init_array     0x0000000008008804        0x4
                0x0000000008008804                . = ALIGN (0x4)
                0x0000000008008804                PROVIDE (__init_array_start = .)
 *(SORT_BY_NAME(.init_array.*))
 *(.init_array*)
 .init_array    0x0000000008008804        0x4 c:/st/stm32cubeide_1.12.1/stm32cubeide/plugins/com.st.stm32cube.ide.mcu.externaltools.gnu-tools-for-stm32.10.3-2021.10.win32_1.0.200.202301161003/tools/bin/../lib/gcc/arm-none-eabi/10.3.1/thumb/v7-m/nofp/crtbegin.o
                0x0000000008008808                PROVIDE (__init_array_end = .)
                0x0000000008008808                . = ALIGN (0x4)

.fini_array     0x0000000008008808        0x4
                0x0000000008008808                . = ALIGN (0x4)
                [!provide]                        PROVIDE (__fini_array_start = .)
 *(SORT_BY_NAME(.fini_array.*))
 *(.fini_array*)
 .fini_array    0x0000000008008808        0x4 c:/st/stm32cubeide_1.12.1/stm32cubeide/plugins/com.st.stm32cube.ide.mcu.externaltools.gnu-tools-for-stm32.10.3-2021.10.win32_1.0.200.202301161003/tools/bin/../lib/gcc/arm-none-eabi/10.3.1/thumb/v7-m/nofp/crtbegin.o
                [!provide]                        PROVIDE (__fini_array_end = .)
                0x000000000800880c                . = ALIGN (0x4)
                0x000000000800880c                _sidata = LOADADDR (.data)

.data           0x0000000020000000      0x17c load address 0x000000000800880c
                0x0000000020000000                . = ALIGN (0x4)
                0x0000000020000000                _sdata = .
 *(.data)
 *(.data*)
 .data.SystemCoreClock
                0x0000000020000000        0x4 ./Core/Src/system_stm32f1xx.o
                0x0000000020000000                SystemCoreClock
 .data.uwTickPrio
                0x0000000020000004        0x4 ./Drivers/STM32F1xx_HAL_Driver/Src/stm32f1xx_hal.o
                0x0000000020000004                uwTickPrio
 .data.uwTickFreq
                0x0000000020000008        0x1 ./Drivers/STM32F1xx_HAL_Driver/Src/stm32f1xx_hal.o
                0x0000000020000008                uwTickFreq
 *fill*         0x0000000020000009        0x3 
 .data.USBD_CDC_DeviceQualifierDesc
                0x000000002000000c        0xa ./Middlewares/ST/STM32_USB_Device_Library/Class/CDC/Src/usbd_cdc.o
 *fill*         0x0000000020000016        0x2 
 .data.USBD_CDC
                0x0000000020000018       0x38 ./Middlewares/ST/STM32_USB_Device_Library/Class/CDC/Src/usbd_cdc.o
                0x0000000020000018                USBD_CDC
 .data.USBD_CDC_CfgHSDesc
                0x0000000020000050       0x43 ./Middlewares/ST/STM32_USB_Device_Library/Class/CDC/Src/usbd_cdc.o
                0x0000000020000050                USBD_CDC_CfgHSDesc
 *fill*         0x0000000020000093        0x1 
 .data.USBD_CDC_CfgFSDesc
                0x0000000020000094       0x43 ./Middlewares/ST/STM32_USB_Device_Library/Class/CDC/Src/usbd_cdc.o
                0x0000000020000094                USBD_CDC_CfgFSDesc
 *fill*         0x00000000200000d7        0x1 
 .data.USBD_CDC_OtherSpeedCfgDesc
                0x00000000200000d8       0x43 ./Middlewares/ST/STM32_USB_Device_Library/Class/CDC/Src/usbd_cdc.o
                0x00000000200000d8                USBD_CDC_OtherSpeedCfgDesc
 *fill*         0x000000002000011b        0x1 
 .data.USBD_Interface_fops_FS
                0x000000002000011c       0x10 ./USB_DEVICE/App/usbd_cdc_if.o
                0x000000002000011c                USBD_Interface_fops_FS
 .data.FS_Desc  0x000000002000012c       0x1c ./USB_DEVICE/App/usbd_desc.o
                0x000000002000012c                FS_Desc
 .data.USBD_FS_DeviceDesc
                0x0000000020000148       0x12 ./USB_DEVICE/App/usbd_desc.o
                0x0000000020000148                USBD_FS_DeviceDesc
 *fill*         0x000000002000015a        0x2 
 .data.USBD_LangIDDesc
                0x000000002000015c        0x4 ./USB_DEVICE/App/usbd_desc.o
                0x000000002000015c                USBD_LangIDDesc
 .data.USBD_StringSerial
                0x0000000020000160       0x1a ./USB_DEVICE/App/usbd_desc.o
                0x0000000020000160                USBD_StringSerial
 *(.RamFunc)
 *(.RamFunc*)
                0x000000002000017c                . = ALIGN (0x4)
 *fill*         0x000000002000017a        0x2 
                0x000000002000017c                _edata = .

.igot.plt       0x000000002000017c        0x0 load address 0x0000000008008988
 .igot.plt      0x000000002000017c        0x0 c:/st/stm32cubeide_1.12.1/stm32cubeide/plugins/com.st.stm32cube.ide.mcu.externaltools.gnu-tools-for-stm32.10.3-2021.10.win32_1.0.200.202301161003/tools/bin/../lib/gcc/arm-none-eabi/10.3.1/thumb/v7-m/nofp/crtbegin.o
                0x000000002000017c                . = ALIGN (0x4)

.bss            0x000000002000017c      0xb44 load address 0x0000000008008988
                0x000000002000017c                _sbss = .
                0x000000002000017c                __bss_start__ = _sbss
 *(.bss)
 .bss           0x000000002000017c       0x1c c:/st/stm32cubeide_1.12.1/stm32cubeide/plugins/com.st.stm32cube.ide.mcu.externaltools.gnu-tools-for-stm32.10.3-2021.10.win32_1.0.200.202301161003/tools/bin/../lib/gcc/arm-none-eabi/10.3.1/thumb/v7-m/nofp/crtbegin.o
 *(.bss*)
 .bss.hspi1     0x0000000020000198       0x58 ./Core/Src/main.o
                0x0000000020000198                hspi1
 .bss.rx_buffer
                0x00000000200001f0        0x9 ./Core/Src/main.o
                0x00000000200001f0                rx_buffer
 *fill*         0x00000000200001f9        0x1 
 .bss.id        0x00000000200001fa        0x2 ./Core/Src/main.o
                0x00000000200001fa                id
 .bss.uwTick    0x00000000200001fc        0x4 ./Drivers/STM32F1xx_HAL_Driver/Src/stm32f1xx_hal.o
                0x00000000200001fc                uwTick
 .bss.cfgidx.0  0x0000000020000200        0x1 ./Middlewares/ST/STM32_USB_Device_Library/Core/Src/usbd_ctlreq.o
 *fill*         0x0000000020000201        0x3 
 .bss.hUsbDeviceFS
                0x0000000020000204      0x2c4 ./USB_DEVICE/App/usb_device.o
                0x0000000020000204                hUsbDeviceFS
 .bss.UserRxBufferFS
                0x00000000200004c8       0x80 ./USB_DEVICE/App/usbd_cdc_if.o
                0x00000000200004c8                UserRxBufferFS
 .bss.UserTxBufferFS
                0x0000000020000548       0x80 ./USB_DEVICE/App/usbd_cdc_if.o
                0x0000000020000548                UserTxBufferFS
 .bss.USBD_StrDesc
                0x00000000200005c8      0x200 ./USB_DEVICE/App/usbd_desc.o
                0x00000000200005c8                USBD_StrDesc
 .bss.hpcd_USB_FS
                0x00000000200007c8      0x2d8 ./USB_DEVICE/Target/usbd_conf.o
                0x00000000200007c8                hpcd_USB_FS
 .bss.mem.0     0x0000000020000aa0      0x220 ./USB_DEVICE/Target/usbd_conf.o
 *(COMMON)
                0x0000000020000cc0                . = ALIGN (0x4)
                0x0000000020000cc0                _ebss = .
                0x0000000020000cc0                __bss_end__ = _ebss

._user_heap_stack
                0x0000000020000cc0      0x600 load address 0x0000000008008988
                0x0000000020000cc0                . = ALIGN (0x8)
                [!provide]                        PROVIDE (end = .)
                0x0000000020000cc0                PROVIDE (_end = .)
                0x0000000020000ec0                . = (. + _Min_Heap_Size)
 *fill*         0x0000000020000cc0      0x200 
                0x00000000200012c0                . = (. + _Min_Stack_Size)
 *fill*         0x0000000020000ec0      0x400 
                0x00000000200012c0                . = ALIGN (0x8)

/DISCARD/
 libc.a(*)
 libm.a(*)
 libgcc.a(*)

.ARM.attributes
                0x0000000000000000       0x29
 *(.ARM.attributes)
 .ARM.attributes
                0x0000000000000000       0x1d c:/st/stm32cubeide_1.12.1/stm32cubeide/plugins/com.st.stm32cube.ide.mcu.externaltools.gnu-tools-for-stm32.10.3-2021.10.win32_1.0.200.202301161003/tools/bin/../lib/gcc/arm-none-eabi/10.3.1/thumb/v7-m/nofp/crti.o
 .ARM.attributes
                0x000000000000001d       0x2d c:/st/stm32cubeide_1.12.1/stm32cubeide/plugins/com.st.stm32cube.ide.mcu.externaltools.gnu-tools-for-stm32.10.3-2021.10.win32_1.0.200.202301161003/tools/bin/../lib/gcc/arm-none-eabi/10.3.1/thumb/v7-m/nofp/crtbegin.o
 .ARM.attributes
                0x000000000000004a       0x2d ./Core/Src/CAN_SPI.o
 .ARM.attributes
                0x0000000000000077       0x2d ./Core/Src/MCP2515.o
 .ARM.attributes
                0x00000000000000a4       0x2d ./Core/Src/main.o
 .ARM.attributes
                0x00000000000000d1       0x2d ./Core/Src/stm32f1xx_hal_msp.o
 .ARM.attributes
                0x00000000000000fe       0x2d ./Core/Src/stm32f1xx_it.o
 .ARM.attributes
                0x000000000000012b       0x2d ./Core/Src/system_stm32f1xx.o
 .ARM.attributes
                0x0000000000000158       0x21 ./Core/Startup/startup_stm32f103c8tx.o
 .ARM.attributes
                0x0000000000000179       0x2d ./Drivers/STM32F1xx_HAL_Driver/Src/stm32f1xx_hal.o
 .ARM.attributes
                0x00000000000001a6       0x2d ./Drivers/STM32F1xx_HAL_Driver/Src/stm32f1xx_hal_cortex.o
 .ARM.attributes
                0x00000000000001d3       0x2d ./Drivers/STM32F1xx_HAL_Driver/Src/stm32f1xx_hal_gpio.o
 .ARM.attributes
                0x0000000000000200       0x2d ./Drivers/STM32F1xx_HAL_Driver/Src/stm32f1xx_hal_pcd.o
 .ARM.attributes
                0x000000000000022d       0x2d ./Drivers/STM32F1xx_HAL_Driver/Src/stm32f1xx_hal_pcd_ex.o
 .ARM.attributes
                0x000000000000025a       0x2d ./Drivers/STM32F1xx_HAL_Driver/Src/stm32f1xx_hal_rcc.o
 .ARM.attributes
                0x0000000000000287       0x2d ./Drivers/STM32F1xx_HAL_Driver/Src/stm32f1xx_hal_rcc_ex.o
 .ARM.attributes
                0x00000000000002b4       0x2d ./Drivers/STM32F1xx_HAL_Driver/Src/stm32f1xx_hal_spi.o
 .ARM.attributes
                0x00000000000002e1       0x2d ./Drivers/STM32F1xx_HAL_Driver/Src/stm32f1xx_ll_usb.o
 .ARM.attributes
                0x000000000000030e       0x2d ./Middlewares/ST/STM32_USB_Device_Library/Class/CDC/Src/usbd_cdc.o
 .ARM.attributes
                0x000000000000033b       0x2d ./Middlewares/ST/STM32_USB_Device_Library/Core/Src/usbd_core.o
 .ARM.attributes
                0x0000000000000368       0x2d ./Middlewares/ST/STM32_USB_Device_Library/Core/Src/usbd_ctlreq.o
 .ARM.attributes
                0x0000000000000395       0x2d ./Middlewares/ST/STM32_USB_Device_Library/Core/Src/usbd_ioreq.o
 .ARM.attributes
                0x00000000000003c2       0x2d ./USB_DEVICE/App/usb_device.o
 .ARM.attributes
                0x00000000000003ef       0x2d ./USB_DEVICE/App/usbd_cdc_if.o
 .ARM.attributes
                0x000000000000041c       0x2d ./USB_DEVICE/App/usbd_desc.o
 .ARM.attributes
                0x0000000000000449       0x2d ./USB_DEVICE/Target/usbd_conf.o
 .ARM.attributes
                0x0000000000000476       0x2d c:/st/stm32cubeide_1.12.1/stm32cubeide/plugins/com.st.stm32cube.ide.mcu.externaltools.gnu-tools-for-stm32.10.3-2021.10.win32_1.0.200.202301161003/tools/bin/../lib/gcc/arm-none-eabi/10.3.1/../../../../arm-none-eabi/lib/thumb/v7-m/nofp\libc_nano.a(lib_a-init.o)
 .ARM.attributes
                0x00000000000004a3       0x2d c:/st/stm32cubeide_1.12.1/stm32cubeide/plugins/com.st.stm32cube.ide.mcu.externaltools.gnu-tools-for-stm32.10.3-2021.10.win32_1.0.200.202301161003/tools/bin/../lib/gcc/arm-none-eabi/10.3.1/../../../../arm-none-eabi/lib/thumb/v7-m/nofp\libc_nano.a(lib_a-memset.o)
 .ARM.attributes
                0x00000000000004d0       0x1d c:/st/stm32cubeide_1.12.1/stm32cubeide/plugins/com.st.stm32cube.ide.mcu.externaltools.gnu-tools-for-stm32.10.3-2021.10.win32_1.0.200.202301161003/tools/bin/../lib/gcc/arm-none-eabi/10.3.1/thumb/v7-m/nofp/crtn.o
OUTPUT(CAN_Receiver.elf elf32-littlearm)
LOAD linker stubs
LOAD c:/st/stm32cubeide_1.12.1/stm32cubeide/plugins/com.st.stm32cube.ide.mcu.externaltools.gnu-tools-for-stm32.10.3-2021.10.win32_1.0.200.202301161003/tools/bin/../lib/gcc/arm-none-eabi/10.3.1/../../../../arm-none-eabi/lib/thumb/v7-m/nofp\libc.a
LOAD c:/st/stm32cubeide_1.12.1/stm32cubeide/plugins/com.st.stm32cube.ide.mcu.externaltools.gnu-tools-for-stm32.10.3-2021.10.win32_1.0.200.202301161003/tools/bin/../lib/gcc/arm-none-eabi/10.3.1/../../../../arm-none-eabi/lib/thumb/v7-m/nofp\libm.a
LOAD c:/st/stm32cubeide_1.12.1/stm32cubeide/plugins/com.st.stm32cube.ide.mcu.externaltools.gnu-tools-for-stm32.10.3-2021.10.win32_1.0.200.202301161003/tools/bin/../lib/gcc/arm-none-eabi/10.3.1/thumb/v7-m/nofp\libgcc.a

.debug_info     0x0000000000000000     0xfe85
 .debug_info    0x0000000000000000      0xb50 ./Core/Src/CAN_SPI.o
 .debug_info    0x0000000000000b50      0xa78 ./Core/Src/MCP2515.o
 .debug_info    0x00000000000015c8      0xbe0 ./Core/Src/main.o
 .debug_info    0x00000000000021a8      0x895 ./Core/Src/stm32f1xx_hal_msp.o
 .debug_info    0x0000000000002a3d      0x660 ./Core/Src/stm32f1xx_it.o
 .debug_info    0x000000000000309d      0x23d ./Core/Src/system_stm32f1xx.o
 .debug_info    0x00000000000032da       0x22 ./Core/Startup/startup_stm32f103c8tx.o
 .debug_info    0x00000000000032fc      0x734 ./Drivers/STM32F1xx_HAL_Driver/Src/stm32f1xx_hal.o
 .debug_info    0x0000000000003a30      0xb20 ./Drivers/STM32F1xx_HAL_Driver/Src/stm32f1xx_hal_cortex.o
 .debug_info    0x0000000000004550      0x615 ./Drivers/STM32F1xx_HAL_Driver/Src/stm32f1xx_hal_gpio.o
 .debug_info    0x0000000000004b65     0x183b ./Drivers/STM32F1xx_HAL_Driver/Src/stm32f1xx_hal_pcd.o
 .debug_info    0x00000000000063a0      0x727 ./Drivers/STM32F1xx_HAL_Driver/Src/stm32f1xx_hal_pcd_ex.o
 .debug_info    0x0000000000006ac7      0x865 ./Drivers/STM32F1xx_HAL_Driver/Src/stm32f1xx_hal_rcc.o
 .debug_info    0x000000000000732c      0x3e6 ./Drivers/STM32F1xx_HAL_Driver/Src/stm32f1xx_hal_rcc_ex.o
 .debug_info    0x0000000000007712     0x156e ./Drivers/STM32F1xx_HAL_Driver/Src/stm32f1xx_hal_spi.o
 .debug_info    0x0000000000008c80     0x18e5 ./Drivers/STM32F1xx_HAL_Driver/Src/stm32f1xx_ll_usb.o
 .debug_info    0x000000000000a565     0x10f0 ./Middlewares/ST/STM32_USB_Device_Library/Class/CDC/Src/usbd_cdc.o
 .debug_info    0x000000000000b655      0xb02 ./Middlewares/ST/STM32_USB_Device_Library/Core/Src/usbd_core.o
 .debug_info    0x000000000000c157      0x9b6 ./Middlewares/ST/STM32_USB_Device_Library/Core/Src/usbd_ctlreq.o
 .debug_info    0x000000000000cb0d      0x715 ./Middlewares/ST/STM32_USB_Device_Library/Core/Src/usbd_ioreq.o
 .debug_info    0x000000000000d222      0x679 ./USB_DEVICE/App/usb_device.o
 .debug_info    0x000000000000d89b      0x827 ./USB_DEVICE/App/usbd_cdc_if.o
 .debug_info    0x000000000000e0c2      0x484 ./USB_DEVICE/App/usbd_desc.o
 .debug_info    0x000000000000e546     0x193f ./USB_DEVICE/Target/usbd_conf.o

.debug_abbrev   0x0000000000000000     0x3022
 .debug_abbrev  0x0000000000000000      0x1ef ./Core/Src/CAN_SPI.o
 .debug_abbrev  0x00000000000001ef      0x220 ./Core/Src/MCP2515.o
 .debug_abbrev  0x000000000000040f      0x2c2 ./Core/Src/main.o
 .debug_abbrev  0x00000000000006d1      0x19b ./Core/Src/stm32f1xx_hal_msp.o
 .debug_abbrev  0x000000000000086c      0x188 ./Core/Src/stm32f1xx_it.o
 .debug_abbrev  0x00000000000009f4      0x13b ./Core/Src/system_stm32f1xx.o
 .debug_abbrev  0x0000000000000b2f       0x12 ./Core/Startup/startup_stm32f103c8tx.o
 .debug_abbrev  0x0000000000000b41      0x1fb ./Drivers/STM32F1xx_HAL_Driver/Src/stm32f1xx_hal.o
 .debug_abbrev  0x0000000000000d3c      0x2ed ./Drivers/STM32F1xx_HAL_Driver/Src/stm32f1xx_hal_cortex.o
 .debug_abbrev  0x0000000000001029      0x1bb ./Drivers/STM32F1xx_HAL_Driver/Src/stm32f1xx_hal_gpio.o
 .debug_abbrev  0x00000000000011e4      0x2c0 ./Drivers/STM32F1xx_HAL_Driver/Src/stm32f1xx_hal_pcd.o
 .debug_abbrev  0x00000000000014a4      0x17f ./Drivers/STM32F1xx_HAL_Driver/Src/stm32f1xx_hal_pcd_ex.o
 .debug_abbrev  0x0000000000001623      0x2a8 ./Drivers/STM32F1xx_HAL_Driver/Src/stm32f1xx_hal_rcc.o
 .debug_abbrev  0x00000000000018cb      0x182 ./Drivers/STM32F1xx_HAL_Driver/Src/stm32f1xx_hal_rcc_ex.o
 .debug_abbrev  0x0000000000001a4d      0x266 ./Drivers/STM32F1xx_HAL_Driver/Src/stm32f1xx_hal_spi.o
 .debug_abbrev  0x0000000000001cb3      0x1d4 ./Drivers/STM32F1xx_HAL_Driver/Src/stm32f1xx_ll_usb.o
 .debug_abbrev  0x0000000000001e87      0x2c0 ./Middlewares/ST/STM32_USB_Device_Library/Class/CDC/Src/usbd_cdc.o
 .debug_abbrev  0x0000000000002147      0x236 ./Middlewares/ST/STM32_USB_Device_Library/Core/Src/usbd_core.o
 .debug_abbrev  0x000000000000237d      0x257 ./Middlewares/ST/STM32_USB_Device_Library/Core/Src/usbd_ctlreq.o
 .debug_abbrev  0x00000000000025d4      0x183 ./Middlewares/ST/STM32_USB_Device_Library/Core/Src/usbd_ioreq.o
 .debug_abbrev  0x0000000000002757      0x183 ./USB_DEVICE/App/usb_device.o
 .debug_abbrev  0x00000000000028da      0x249 ./USB_DEVICE/App/usbd_cdc_if.o
 .debug_abbrev  0x0000000000002b23      0x1fa ./USB_DEVICE/App/usbd_desc.o
 .debug_abbrev  0x0000000000002d1d      0x305 ./USB_DEVICE/Target/usbd_conf.o

.debug_aranges  0x0000000000000000      0xd70
 .debug_aranges
                0x0000000000000000       0x70 ./Core/Src/CAN_SPI.o
 .debug_aranges
                0x0000000000000070       0xa8 ./Core/Src/MCP2515.o
 .debug_aranges
                0x0000000000000118       0x40 ./Core/Src/main.o
 .debug_aranges
                0x0000000000000158       0x30 ./Core/Src/stm32f1xx_hal_msp.o
 .debug_aranges
                0x0000000000000188       0x68 ./Core/Src/stm32f1xx_it.o
 .debug_aranges
                0x00000000000001f0       0x28 ./Core/Src/system_stm32f1xx.o
 .debug_aranges
                0x0000000000000218       0x28 ./Core/Startup/startup_stm32f103c8tx.o
 .debug_aranges
                0x0000000000000240       0xe0 ./Drivers/STM32F1xx_HAL_Driver/Src/stm32f1xx_hal.o
 .debug_aranges
                0x0000000000000320      0x100 ./Drivers/STM32F1xx_HAL_Driver/Src/stm32f1xx_hal_cortex.o
 .debug_aranges
                0x0000000000000420       0x58 ./Drivers/STM32F1xx_HAL_Driver/Src/stm32f1xx_hal_gpio.o
 .debug_aranges
                0x0000000000000478      0x140 ./Drivers/STM32F1xx_HAL_Driver/Src/stm32f1xx_hal_pcd.o
 .debug_aranges
                0x00000000000005b8       0x38 ./Drivers/STM32F1xx_HAL_Driver/Src/stm32f1xx_hal_pcd_ex.o
 .debug_aranges
                0x00000000000005f0       0x90 ./Drivers/STM32F1xx_HAL_Driver/Src/stm32f1xx_hal_rcc.o
 .debug_aranges
                0x0000000000000680       0x30 ./Drivers/STM32F1xx_HAL_Driver/Src/stm32f1xx_hal_rcc_ex.o
 .debug_aranges
                0x00000000000006b0      0x1d0 ./Drivers/STM32F1xx_HAL_Driver/Src/stm32f1xx_hal_spi.o
 .debug_aranges
                0x0000000000000880       0xf8 ./Drivers/STM32F1xx_HAL_Driver/Src/stm32f1xx_ll_usb.o
 .debug_aranges
                0x0000000000000978       0x90 ./Middlewares/ST/STM32_USB_Device_Library/Class/CDC/Src/usbd_cdc.o
 .debug_aranges
                0x0000000000000a08       0xb8 ./Middlewares/ST/STM32_USB_Device_Library/Core/Src/usbd_core.o
 .debug_aranges
                0x0000000000000ac0       0x88 ./Middlewares/ST/STM32_USB_Device_Library/Core/Src/usbd_ctlreq.o
 .debug_aranges
                0x0000000000000b48       0x50 ./Middlewares/ST/STM32_USB_Device_Library/Core/Src/usbd_ioreq.o
 .debug_aranges
                0x0000000000000b98       0x20 ./USB_DEVICE/App/usb_device.o
 .debug_aranges
                0x0000000000000bb8       0x40 ./USB_DEVICE/App/usbd_cdc_if.o
 .debug_aranges
                0x0000000000000bf8       0x60 ./USB_DEVICE/App/usbd_desc.o
 .debug_aranges
                0x0000000000000c58      0x118 ./USB_DEVICE/Target/usbd_conf.o

.debug_ranges   0x0000000000000000      0xbf8
 .debug_ranges  0x0000000000000000       0x60 ./Core/Src/CAN_SPI.o
 .debug_ranges  0x0000000000000060       0x98 ./Core/Src/MCP2515.o
 .debug_ranges  0x00000000000000f8       0x30 ./Core/Src/main.o
 .debug_ranges  0x0000000000000128       0x20 ./Core/Src/stm32f1xx_hal_msp.o
 .debug_ranges  0x0000000000000148       0x58 ./Core/Src/stm32f1xx_it.o
 .debug_ranges  0x00000000000001a0       0x18 ./Core/Src/system_stm32f1xx.o
 .debug_ranges  0x00000000000001b8       0x20 ./Core/Startup/startup_stm32f103c8tx.o
 .debug_ranges  0x00000000000001d8       0xd0 ./Drivers/STM32F1xx_HAL_Driver/Src/stm32f1xx_hal.o
 .debug_ranges  0x00000000000002a8       0xf0 ./Drivers/STM32F1xx_HAL_Driver/Src/stm32f1xx_hal_cortex.o
 .debug_ranges  0x0000000000000398       0x48 ./Drivers/STM32F1xx_HAL_Driver/Src/stm32f1xx_hal_gpio.o
 .debug_ranges  0x00000000000003e0      0x130 ./Drivers/STM32F1xx_HAL_Driver/Src/stm32f1xx_hal_pcd.o
 .debug_ranges  0x0000000000000510       0x28 ./Drivers/STM32F1xx_HAL_Driver/Src/stm32f1xx_hal_pcd_ex.o
 .debug_ranges  0x0000000000000538       0x80 ./Drivers/STM32F1xx_HAL_Driver/Src/stm32f1xx_hal_rcc.o
 .debug_ranges  0x00000000000005b8       0x20 ./Drivers/STM32F1xx_HAL_Driver/Src/stm32f1xx_hal_rcc_ex.o
 .debug_ranges  0x00000000000005d8      0x1c0 ./Drivers/STM32F1xx_HAL_Driver/Src/stm32f1xx_hal_spi.o
 .debug_ranges  0x0000000000000798       0xe8 ./Drivers/STM32F1xx_HAL_Driver/Src/stm32f1xx_ll_usb.o
 .debug_ranges  0x0000000000000880       0x80 ./Middlewares/ST/STM32_USB_Device_Library/Class/CDC/Src/usbd_cdc.o
 .debug_ranges  0x0000000000000900       0xa8 ./Middlewares/ST/STM32_USB_Device_Library/Core/Src/usbd_core.o
 .debug_ranges  0x00000000000009a8       0x78 ./Middlewares/ST/STM32_USB_Device_Library/Core/Src/usbd_ctlreq.o
 .debug_ranges  0x0000000000000a20       0x40 ./Middlewares/ST/STM32_USB_Device_Library/Core/Src/usbd_ioreq.o
 .debug_ranges  0x0000000000000a60       0x10 ./USB_DEVICE/App/usb_device.o
 .debug_ranges  0x0000000000000a70       0x30 ./USB_DEVICE/App/usbd_cdc_if.o
 .debug_ranges  0x0000000000000aa0       0x50 ./USB_DEVICE/App/usbd_desc.o
 .debug_ranges  0x0000000000000af0      0x108 ./USB_DEVICE/Target/usbd_conf.o

.debug_macro    0x0000000000000000    0x1a0b9
 .debug_macro   0x0000000000000000      0x1d9 ./Core/Src/CAN_SPI.o
 .debug_macro   0x00000000000001d9      0xa6c ./Core/Src/CAN_SPI.o
 .debug_macro   0x0000000000000c45      0x21b ./Core/Src/CAN_SPI.o
 .debug_macro   0x0000000000000e60       0x2e ./Core/Src/CAN_SPI.o
 .debug_macro   0x0000000000000e8e       0x22 ./Core/Src/CAN_SPI.o
 .debug_macro   0x0000000000000eb0       0x22 ./Core/Src/CAN_SPI.o
 .debug_macro   0x0000000000000ed2       0x8e ./Core/Src/CAN_SPI.o
 .debug_macro   0x0000000000000f60       0x51 ./Core/Src/CAN_SPI.o
 .debug_macro   0x0000000000000fb1      0x103 ./Core/Src/CAN_SPI.o
 .debug_macro   0x00000000000010b4       0x6a ./Core/Src/CAN_SPI.o
 .debug_macro   0x000000000000111e      0x1df ./Core/Src/CAN_SPI.o
 .debug_macro   0x00000000000012fd       0x1c ./Core/Src/CAN_SPI.o
 .debug_macro   0x0000000000001319       0x22 ./Core/Src/CAN_SPI.o
 .debug_macro   0x000000000000133b       0xbd ./Core/Src/CAN_SPI.o
 .debug_macro   0x00000000000013f8      0xd23 ./Core/Src/CAN_SPI.o
 .debug_macro   0x000000000000211b     0xe09e ./Core/Src/CAN_SPI.o
 .debug_macro   0x00000000000101b9       0x6d ./Core/Src/CAN_SPI.o
 .debug_macro   0x0000000000010226     0x34a2 ./Core/Src/CAN_SPI.o
 .debug_macro   0x00000000000136c8      0x174 ./Core/Src/CAN_SPI.o
 .debug_macro   0x000000000001383c       0x5c ./Core/Src/CAN_SPI.o
 .debug_macro   0x0000000000013898      0x5bc ./Core/Src/CAN_SPI.o
 .debug_macro   0x0000000000013e54      0x289 ./Core/Src/CAN_SPI.o
 .debug_macro   0x00000000000140dd      0x1cb ./Core/Src/CAN_SPI.o
 .debug_macro   0x00000000000142a8      0x114 ./Core/Src/CAN_SPI.o
 .debug_macro   0x00000000000143bc      0x1b2 ./Core/Src/CAN_SPI.o
 .debug_macro   0x000000000001456e       0x27 ./Core/Src/CAN_SPI.o
 .debug_macro   0x0000000000014595      0x136 ./Core/Src/CAN_SPI.o
 .debug_macro   0x00000000000146cb      0x1bc ./Core/Src/CAN_SPI.o
 .debug_macro   0x0000000000014887       0x34 ./Core/Src/CAN_SPI.o
 .debug_macro   0x00000000000148bb       0x3c ./Core/Src/CAN_SPI.o
 .debug_macro   0x00000000000148f7       0x57 ./Core/Src/CAN_SPI.o
 .debug_macro   0x000000000001494e       0x87 ./Core/Src/CAN_SPI.o
 .debug_macro   0x00000000000149d5      0x240 ./Core/Src/CAN_SPI.o
 .debug_macro   0x0000000000014c15      0x140 ./Core/Src/CAN_SPI.o
 .debug_macro   0x0000000000014d55      0x217 ./Core/Src/CAN_SPI.o
 .debug_macro   0x0000000000014f6c       0xb7 ./Core/Src/CAN_SPI.o
 .debug_macro   0x0000000000015023      0x242 ./Core/Src/CAN_SPI.o
 .debug_macro   0x0000000000015265       0x83 ./Core/Src/CAN_SPI.o
 .debug_macro   0x00000000000152e8       0x10 ./Core/Src/CAN_SPI.o
 .debug_macro   0x00000000000152f8       0x22 ./Core/Src/CAN_SPI.o
 .debug_macro   0x000000000001531a      0x1b4 ./Core/Src/CAN_SPI.o
 .debug_macro   0x00000000000154ce      0x1eb ./Core/Src/MCP2515.o
 .debug_macro   0x00000000000156b9       0x16 ./Core/Src/MCP2515.o
 .debug_macro   0x00000000000156cf      0x3b5 ./Core/Src/main.o
 .debug_macro   0x0000000000015a84       0x10 ./Core/Src/main.o
 .debug_macro   0x0000000000015a94       0x52 ./Core/Src/main.o
 .debug_macro   0x0000000000015ae6       0x18 ./Core/Src/main.o
 .debug_macro   0x0000000000015afe       0x3c ./Core/Src/main.o
 .debug_macro   0x0000000000015b3a       0x34 ./Core/Src/main.o
 .debug_macro   0x0000000000015b6e       0x16 ./Core/Src/main.o
 .debug_macro   0x0000000000015b84       0x35 ./Core/Src/main.o
 .debug_macro   0x0000000000015bb9      0x341 ./Core/Src/main.o
 .debug_macro   0x0000000000015efa       0x10 ./Core/Src/main.o
 .debug_macro   0x0000000000015f0a       0x16 ./Core/Src/main.o
 .debug_macro   0x0000000000015f20       0x43 ./Core/Src/main.o
 .debug_macro   0x0000000000015f63       0x34 ./Core/Src/main.o
 .debug_macro   0x0000000000015f97       0x10 ./Core/Src/main.o
 .debug_macro   0x0000000000015fa7       0x58 ./Core/Src/main.o
 .debug_macro   0x0000000000015fff       0x71 ./Core/Src/main.o
 .debug_macro   0x0000000000016070       0x1c ./Core/Src/main.o
 .debug_macro   0x000000000001608c      0x12a ./Core/Src/main.o
 .debug_macro   0x00000000000161b6       0x10 ./Core/Src/main.o
 .debug_macro   0x00000000000161c6       0x1c ./Core/Src/main.o
 .debug_macro   0x00000000000161e2       0x52 ./Core/Src/main.o
 .debug_macro   0x0000000000016234       0x22 ./Core/Src/main.o
 .debug_macro   0x0000000000016256       0x10 ./Core/Src/main.o
 .debug_macro   0x0000000000016266       0x52 ./Core/Src/main.o
 .debug_macro   0x00000000000162b8       0xd5 ./Core/Src/main.o
 .debug_macro   0x000000000001638d       0x1c ./Core/Src/main.o
 .debug_macro   0x00000000000163a9       0x3d ./Core/Src/main.o
 .debug_macro   0x00000000000163e6       0x16 ./Core/Src/main.o
 .debug_macro   0x00000000000163fc      0x145 ./Core/Src/main.o
 .debug_macro   0x0000000000016541       0x16 ./Core/Src/main.o
 .debug_macro   0x0000000000016557       0x16 ./Core/Src/main.o
 .debug_macro   0x000000000001656d       0x29 ./Core/Src/main.o
 .debug_macro   0x0000000000016596       0x16 ./Core/Src/main.o
 .debug_macro   0x00000000000165ac       0x20 ./Core/Src/main.o
 .debug_macro   0x00000000000165cc       0x5f ./Core/Src/main.o
 .debug_macro   0x000000000001662b      0x1c8 ./Core/Src/main.o
 .debug_macro   0x00000000000167f3       0x16 ./Core/Src/main.o
 .debug_macro   0x0000000000016809      0x1c1 ./Core/Src/stm32f1xx_hal_msp.o
 .debug_macro   0x00000000000169ca      0x1cb ./Core/Src/stm32f1xx_it.o
 .debug_macro   0x0000000000016b95      0x1b2 ./Core/Src/system_stm32f1xx.o
 .debug_macro   0x0000000000016d47      0x1d6 ./Drivers/STM32F1xx_HAL_Driver/Src/stm32f1xx_hal.o
 .debug_macro   0x0000000000016f1d      0x1b2 ./Drivers/STM32F1xx_HAL_Driver/Src/stm32f1xx_hal_cortex.o
 .debug_macro   0x00000000000170cf      0x21d ./Drivers/STM32F1xx_HAL_Driver/Src/stm32f1xx_hal_gpio.o
 .debug_macro   0x00000000000172ec      0x1be ./Drivers/STM32F1xx_HAL_Driver/Src/stm32f1xx_hal_pcd.o
 .debug_macro   0x00000000000174aa      0x1b2 ./Drivers/STM32F1xx_HAL_Driver/Src/stm32f1xx_hal_pcd_ex.o
 .debug_macro   0x000000000001765c      0x1c4 ./Drivers/STM32F1xx_HAL_Driver/Src/stm32f1xx_hal_rcc.o
 .debug_macro   0x0000000000017820      0x1b2 ./Drivers/STM32F1xx_HAL_Driver/Src/stm32f1xx_hal_rcc_ex.o
 .debug_macro   0x00000000000179d2      0x1ba ./Drivers/STM32F1xx_HAL_Driver/Src/stm32f1xx_hal_spi.o
 .debug_macro   0x0000000000017b8c      0x1b2 ./Drivers/STM32F1xx_HAL_Driver/Src/stm32f1xx_ll_usb.o
 .debug_macro   0x0000000000017d3e      0x3d7 ./Middlewares/ST/STM32_USB_Device_Library/Class/CDC/Src/usbd_cdc.o
 .debug_macro   0x0000000000018115       0x97 ./Middlewares/ST/STM32_USB_Device_Library/Class/CDC/Src/usbd_cdc.o
 .debug_macro   0x00000000000181ac       0xfd ./Middlewares/ST/STM32_USB_Device_Library/Class/CDC/Src/usbd_cdc.o
 .debug_macro   0x00000000000182a9       0x56 ./Middlewares/ST/STM32_USB_Device_Library/Class/CDC/Src/usbd_cdc.o
 .debug_macro   0x00000000000182ff       0x8f ./Middlewares/ST/STM32_USB_Device_Library/Class/CDC/Src/usbd_cdc.o
 .debug_macro   0x000000000001838e      0x3be ./Middlewares/ST/STM32_USB_Device_Library/Core/Src/usbd_core.o
 .debug_macro   0x000000000001874c      0x1ce ./Middlewares/ST/STM32_USB_Device_Library/Core/Src/usbd_core.o
 .debug_macro   0x000000000001891a      0x3c8 ./Middlewares/ST/STM32_USB_Device_Library/Core/Src/usbd_ctlreq.o
 .debug_macro   0x0000000000018ce2      0x3c4 ./Middlewares/ST/STM32_USB_Device_Library/Core/Src/usbd_ioreq.o
 .debug_macro   0x00000000000190a6      0x3f7 ./USB_DEVICE/App/usb_device.o
 .debug_macro   0x000000000001949d       0x22 ./USB_DEVICE/App/usb_device.o
 .debug_macro   0x00000000000194bf       0x16 ./USB_DEVICE/App/usb_device.o
 .debug_macro   0x00000000000194d5      0x3e2 ./USB_DEVICE/App/usbd_cdc_if.o
 .debug_macro   0x00000000000198b7       0x10 ./USB_DEVICE/App/usbd_cdc_if.o
 .debug_macro   0x00000000000198c7      0x3fb ./USB_DEVICE/App/usbd_desc.o
 .debug_macro   0x0000000000019cc2       0x1c ./USB_DEVICE/App/usbd_desc.o
 .debug_macro   0x0000000000019cde      0x3db ./USB_DEVICE/Target/usbd_conf.o

.debug_line     0x0000000000000000    0x10e8c
 .debug_line    0x0000000000000000      0x969 ./Core/Src/CAN_SPI.o
 .debug_line    0x0000000000000969      0x8d0 ./Core/Src/MCP2515.o
 .debug_line    0x0000000000001239      0xa98 ./Core/Src/main.o
 .debug_line    0x0000000000001cd1      0x6e2 ./Core/Src/stm32f1xx_hal_msp.o
 .debug_line    0x00000000000023b3      0x769 ./Core/Src/stm32f1xx_it.o
 .debug_line    0x0000000000002b1c      0x70d ./Core/Src/system_stm32f1xx.o
 .debug_line    0x0000000000003229       0x86 ./Core/Startup/startup_stm32f103c8tx.o
 .debug_line    0x00000000000032af      0x93a ./Drivers/STM32F1xx_HAL_Driver/Src/stm32f1xx_hal.o
 .debug_line    0x0000000000003be9      0xb22 ./Drivers/STM32F1xx_HAL_Driver/Src/stm32f1xx_hal_cortex.o
 .debug_line    0x000000000000470b      0x9d3 ./Drivers/STM32F1xx_HAL_Driver/Src/stm32f1xx_hal_gpio.o
 .debug_line    0x00000000000050de     0x1365 ./Drivers/STM32F1xx_HAL_Driver/Src/stm32f1xx_hal_pcd.o
 .debug_line    0x0000000000006443      0x708 ./Drivers/STM32F1xx_HAL_Driver/Src/stm32f1xx_hal_pcd_ex.o
 .debug_line    0x0000000000006b4b      0xd46 ./Drivers/STM32F1xx_HAL_Driver/Src/stm32f1xx_hal_rcc.o
 .debug_line    0x0000000000007891      0x881 ./Drivers/STM32F1xx_HAL_Driver/Src/stm32f1xx_hal_rcc_ex.o
 .debug_line    0x0000000000008112     0x1c2d ./Drivers/STM32F1xx_HAL_Driver/Src/stm32f1xx_hal_spi.o
 .debug_line    0x0000000000009d3f      0xfef ./Drivers/STM32F1xx_HAL_Driver/Src/stm32f1xx_ll_usb.o
 .debug_line    0x000000000000ad2e      0xd1b ./Middlewares/ST/STM32_USB_Device_Library/Class/CDC/Src/usbd_cdc.o
 .debug_line    0x000000000000ba49      0xd9b ./Middlewares/ST/STM32_USB_Device_Library/Core/Src/usbd_core.o
 .debug_line    0x000000000000c7e4      0xfbd ./Middlewares/ST/STM32_USB_Device_Library/Core/Src/usbd_ctlreq.o
 .debug_line    0x000000000000d7a1      0xa31 ./Middlewares/ST/STM32_USB_Device_Library/Core/Src/usbd_ioreq.o
 .debug_line    0x000000000000e1d2      0x9f1 ./USB_DEVICE/App/usb_device.o
 .debug_line    0x000000000000ebc3      0xa39 ./USB_DEVICE/App/usbd_cdc_if.o
 .debug_line    0x000000000000f5fc      0xaba ./USB_DEVICE/App/usbd_desc.o
 .debug_line    0x00000000000100b6      0xdd6 ./USB_DEVICE/Target/usbd_conf.o

.debug_str      0x0000000000000000    0x87671
 .debug_str     0x0000000000000000    0x7f384 ./Core/Src/CAN_SPI.o
                                      0x7f6c7 (size before relaxing)
 .debug_str     0x000000000007f384      0x590 ./Core/Src/MCP2515.o
                                      0x7f75a (size before relaxing)
 .debug_str     0x000000000007f914     0x4ac0 ./Core/Src/main.o
                                      0x83a17 (size before relaxing)
 .debug_str     0x00000000000843d4       0x91 ./Core/Src/stm32f1xx_hal_msp.o
                                      0x7eecf (size before relaxing)
 .debug_str     0x0000000000084465      0x3d8 ./Core/Src/stm32f1xx_it.o
                                      0x7ee53 (size before relaxing)
 .debug_str     0x000000000008483d       0x7e ./Core/Src/system_stm32f1xx.o
                                      0x7ea72 (size before relaxing)
 .debug_str     0x00000000000848bb       0x36 ./Core/Startup/startup_stm32f103c8tx.o
                                         0x76 (size before relaxing)
 .debug_str     0x00000000000848f1      0x5fd ./Drivers/STM32F1xx_HAL_Driver/Src/stm32f1xx_hal.o
                                      0x7f1a5 (size before relaxing)
 .debug_str     0x0000000000084eee      0x293 ./Drivers/STM32F1xx_HAL_Driver/Src/stm32f1xx_hal_cortex.o
                                      0x7f0f1 (size before relaxing)
 .debug_str     0x0000000000085181      0x2e6 ./Drivers/STM32F1xx_HAL_Driver/Src/stm32f1xx_hal_gpio.o
                                      0x7edf8 (size before relaxing)
 .debug_str     0x0000000000085467      0x5bd ./Drivers/STM32F1xx_HAL_Driver/Src/stm32f1xx_hal_pcd.o
                                      0x7f38f (size before relaxing)
 .debug_str     0x0000000000085a24      0x170 ./Drivers/STM32F1xx_HAL_Driver/Src/stm32f1xx_hal_pcd_ex.o
                                      0x7eef1 (size before relaxing)
 .debug_str     0x0000000000085b94      0x229 ./Drivers/STM32F1xx_HAL_Driver/Src/stm32f1xx_hal_rcc.o
                                      0x7eea1 (size before relaxing)
 .debug_str     0x0000000000085dbd       0x9f ./Drivers/STM32F1xx_HAL_Driver/Src/stm32f1xx_hal_rcc_ex.o
                                      0x7ebf1 (size before relaxing)
 .debug_str     0x0000000000085e5c      0x533 ./Drivers/STM32F1xx_HAL_Driver/Src/stm32f1xx_hal_spi.o
                                      0x7f398 (size before relaxing)
 .debug_str     0x000000000008638f      0x129 ./Drivers/STM32F1xx_HAL_Driver/Src/stm32f1xx_ll_usb.o
                                      0x7ef43 (size before relaxing)
 .debug_str     0x00000000000864b8      0x967 ./Middlewares/ST/STM32_USB_Device_Library/Class/CDC/Src/usbd_cdc.o
                                      0x83fc6 (size before relaxing)
 .debug_str     0x0000000000086e1f      0x281 ./Middlewares/ST/STM32_USB_Device_Library/Core/Src/usbd_core.o
                                      0x838f6 (size before relaxing)
 .debug_str     0x00000000000870a0      0x120 ./Middlewares/ST/STM32_USB_Device_Library/Core/Src/usbd_ctlreq.o
                                      0x83810 (size before relaxing)
 .debug_str     0x00000000000871c0       0x51 ./Middlewares/ST/STM32_USB_Device_Library/Core/Src/usbd_ioreq.o
                                      0x8373d (size before relaxing)
 .debug_str     0x0000000000087211      0x103 ./USB_DEVICE/App/usb_device.o
                                      0x83ac6 (size before relaxing)
 .debug_str     0x0000000000087314       0x8d ./USB_DEVICE/App/usbd_cdc_if.o
                                      0x83aec (size before relaxing)
 .debug_str     0x00000000000873a1      0x258 ./USB_DEVICE/App/usbd_desc.o
                                      0x83679 (size before relaxing)
 .debug_str     0x00000000000875f9       0x78 ./USB_DEVICE/Target/usbd_conf.o
                                      0x84553 (size before relaxing)

.comment        0x0000000000000000       0x50
 .comment       0x0000000000000000       0x50 ./Core/Src/CAN_SPI.o
                                         0x51 (size before relaxing)
 .comment       0x0000000000000050       0x51 ./Core/Src/MCP2515.o
 .comment       0x0000000000000050       0x51 ./Core/Src/main.o
 .comment       0x0000000000000050       0x51 ./Core/Src/stm32f1xx_hal_msp.o
 .comment       0x0000000000000050       0x51 ./Core/Src/stm32f1xx_it.o
 .comment       0x0000000000000050       0x51 ./Core/Src/system_stm32f1xx.o
 .comment       0x0000000000000050       0x51 ./Drivers/STM32F1xx_HAL_Driver/Src/stm32f1xx_hal.o
 .comment       0x0000000000000050       0x51 ./Drivers/STM32F1xx_HAL_Driver/Src/stm32f1xx_hal_cortex.o
 .comment       0x0000000000000050       0x51 ./Drivers/STM32F1xx_HAL_Driver/Src/stm32f1xx_hal_gpio.o
 .comment       0x0000000000000050       0x51 ./Drivers/STM32F1xx_HAL_Driver/Src/stm32f1xx_hal_pcd.o
 .comment       0x0000000000000050       0x51 ./Drivers/STM32F1xx_HAL_Driver/Src/stm32f1xx_hal_pcd_ex.o
 .comment       0x0000000000000050       0x51 ./Drivers/STM32F1xx_HAL_Driver/Src/stm32f1xx_hal_rcc.o
 .comment       0x0000000000000050       0x51 ./Drivers/STM32F1xx_HAL_Driver/Src/stm32f1xx_hal_rcc_ex.o
 .comment       0x0000000000000050       0x51 ./Drivers/STM32F1xx_HAL_Driver/Src/stm32f1xx_hal_spi.o
 .comment       0x0000000000000050       0x51 ./Drivers/STM32F1xx_HAL_Driver/Src/stm32f1xx_ll_usb.o
 .comment       0x0000000000000050       0x51 ./Middlewares/ST/STM32_USB_Device_Library/Class/CDC/Src/usbd_cdc.o
 .comment       0x0000000000000050       0x51 ./Middlewares/ST/STM32_USB_Device_Library/Core/Src/usbd_core.o
 .comment       0x0000000000000050       0x51 ./Middlewares/ST/STM32_USB_Device_Library/Core/Src/usbd_ctlreq.o
 .comment       0x0000000000000050       0x51 ./Middlewares/ST/STM32_USB_Device_Library/Core/Src/usbd_ioreq.o
 .comment       0x0000000000000050       0x51 ./USB_DEVICE/App/usb_device.o
 .comment       0x0000000000000050       0x51 ./USB_DEVICE/App/usbd_cdc_if.o
 .comment       0x0000000000000050       0x51 ./USB_DEVICE/App/usbd_desc.o
 .comment       0x0000000000000050       0x51 ./USB_DEVICE/Target/usbd_conf.o

.debug_frame    0x0000000000000000     0x3490
 .debug_frame   0x0000000000000000      0x1a0 ./Core/Src/CAN_SPI.o
 .debug_frame   0x00000000000001a0      0x290 ./Core/Src/MCP2515.o
 .debug_frame   0x0000000000000430       0xac ./Core/Src/main.o
 .debug_frame   0x00000000000004dc       0x80 ./Core/Src/stm32f1xx_hal_msp.o
 .debug_frame   0x000000000000055c      0x120 ./Core/Src/stm32f1xx_it.o
 .debug_frame   0x000000000000067c       0x58 ./Core/Src/system_stm32f1xx.o
 .debug_frame   0x00000000000006d4      0x334 ./Drivers/STM32F1xx_HAL_Driver/Src/stm32f1xx_hal.o
 .debug_frame   0x0000000000000a08      0x428 ./Drivers/STM32F1xx_HAL_Driver/Src/stm32f1xx_hal_cortex.o
 .debug_frame   0x0000000000000e30      0x14c ./Drivers/STM32F1xx_HAL_Driver/Src/stm32f1xx_hal_gpio.o
 .debug_frame   0x0000000000000f7c      0x594 ./Drivers/STM32F1xx_HAL_Driver/Src/stm32f1xx_hal_pcd.o
 .debug_frame   0x0000000000001510       0xb0 ./Drivers/STM32F1xx_HAL_Driver/Src/stm32f1xx_hal_pcd_ex.o
 .debug_frame   0x00000000000015c0      0x218 ./Drivers/STM32F1xx_HAL_Driver/Src/stm32f1xx_hal_rcc.o
 .debug_frame   0x00000000000017d8       0x80 ./Drivers/STM32F1xx_HAL_Driver/Src/stm32f1xx_hal_rcc_ex.o
 .debug_frame   0x0000000000001858      0x824 ./Drivers/STM32F1xx_HAL_Driver/Src/stm32f1xx_hal_spi.o
 .debug_frame   0x000000000000207c      0x470 ./Drivers/STM32F1xx_HAL_Driver/Src/stm32f1xx_ll_usb.o
 .debug_frame   0x00000000000024ec      0x248 ./Middlewares/ST/STM32_USB_Device_Library/Class/CDC/Src/usbd_cdc.o
 .debug_frame   0x0000000000002734      0x300 ./Middlewares/ST/STM32_USB_Device_Library/Core/Src/usbd_core.o
 .debug_frame   0x0000000000002a34      0x218 ./Middlewares/ST/STM32_USB_Device_Library/Core/Src/usbd_ctlreq.o
 .debug_frame   0x0000000000002c4c      0x10c ./Middlewares/ST/STM32_USB_Device_Library/Core/Src/usbd_ioreq.o
 .debug_frame   0x0000000000002d58       0x2c ./USB_DEVICE/App/usb_device.o
 .debug_frame   0x0000000000002d84       0xbc ./USB_DEVICE/App/usbd_cdc_if.o
 .debug_frame   0x0000000000002e40      0x160 ./USB_DEVICE/App/usbd_desc.o
 .debug_frame   0x0000000000002fa0      0x4a4 ./USB_DEVICE/Target/usbd_conf.o
 .debug_frame   0x0000000000003444       0x2c c:/st/stm32cubeide_1.12.1/stm32cubeide/plugins/com.st.stm32cube.ide.mcu.externaltools.gnu-tools-for-stm32.10.3-2021.10.win32_1.0.200.202301161003/tools/bin/../lib/gcc/arm-none-eabi/10.3.1/../../../../arm-none-eabi/lib/thumb/v7-m/nofp\libc_nano.a(lib_a-init.o)
 .debug_frame   0x0000000000003470       0x20 c:/st/stm32cubeide_1.12.1/stm32cubeide/plugins/com.st.stm32cube.ide.mcu.externaltools.gnu-tools-for-stm32.10.3-2021.10.win32_1.0.200.202301161003/tools/bin/../lib/gcc/arm-none-eabi/10.3.1/../../../../arm-none-eabi/lib/thumb/v7-m/nofp\libc_nano.a(lib_a-memset.o)
